ARM Linker, 4.1 [Build 481] [Standard]

==============================================================================

Section Cross References

    startup_stm32f10x_md.o(STACK) refers (Special) to heapauxi.o(.text) for __use_two_region_memory
    startup_stm32f10x_md.o(HEAP) refers (Special) to heapauxi.o(.text) for __use_two_region_memory
    startup_stm32f10x_md.o(RESET) refers (Special) to heapauxi.o(.text) for __use_two_region_memory
    startup_stm32f10x_md.o(RESET) refers to startup_stm32f10x_md.o(STACK) for __initial_sp
    startup_stm32f10x_md.o(RESET) refers to startup_stm32f10x_md.o(.text) for Reset_Handler
    startup_stm32f10x_md.o(RESET) refers to exti.o(.text) for EXTI0_IRQHandler
    startup_stm32f10x_md.o(RESET) refers to main.o(.text) for TIM3_IRQHandler
    startup_stm32f10x_md.o(RESET) refers to 24l01.o(.text) for TIM4_IRQHandler
    startup_stm32f10x_md.o(.text) refers (Special) to heapauxi.o(.text) for __use_two_region_memory
    startup_stm32f10x_md.o(.text) refers to __main.o(!!!main) for __main
    startup_stm32f10x_md.o(.text) refers to startup_stm32f10x_md.o(HEAP) for Heap_Mem
    startup_stm32f10x_md.o(.text) refers to startup_stm32f10x_md.o(STACK) for Stack_Mem
    main.o(.text) refers to fflt_clz.o(x$fpl$fflt) for __aeabi_i2f
    main.o(.text) refers to fmul.o(x$fpl$fmul) for __aeabi_fmul
    main.o(.text) refers to fflt_clz.o(x$fpl$ffltu) for __aeabi_ui2f
    main.o(.text) refers to faddsub_clz.o(x$fpl$fadd) for __aeabi_fadd
    main.o(.text) refers to faddsub_clz.o(x$fpl$frsb) for __aeabi_frsub
    main.o(.text) refers to sys.o(.text) for Stm32_Clock_Init
    main.o(.text) refers to delay.o(.text) for delay_init
    main.o(.text) refers to usart.o(.text) for uart_init
    main.o(.text) refers to led.o(.text) for LED_Init
    main.o(.text) refers to mpu6050.o(.text) for MPU6050_INIT
    main.o(.text) refers to control.o(.text) for PID_INIT
    main.o(.text) refers to timer.o(.text) for TIM2_PWM_Init
    main.o(.text) refers to ffix.o(x$fpl$ffix) for __aeabi_f2iz
    main.o(.text) refers to imu.o(.text) for ACC_SMOOTH
    main.o(.text) refers to 24l01.o(.data) for TIM4CH1_CAPTURE_STA
    main.o(.text) refers to main.o(.data) for tempa1
    main.o(.text) refers to control.o(.data) for ACC_OFFSET
    main.o(.text) refers to control.o(.bss) for GYR_F
    delay.o(.text) refers to delay.o(.data) for fac_us
    sys.o(.text) refers to sys.o(.emb_text) for WFI_SET
    usart.o(.text) refers (Special) to use_no_semi_2.o(.text) for __use_no_semihosting
    usart.o(.text) refers to fflt_clz.o(x$fpl$ffltu) for __aeabi_ui2f
    usart.o(.text) refers to fdiv.o(x$fpl$fdiv) for __aeabi_fdiv
    usart.o(.text) refers to ffixu.o(x$fpl$ffixu) for __aeabi_f2uiz
    usart.o(.text) refers to faddsub_clz.o(x$fpl$frsb) for __aeabi_frsub
    usart.o(.text) refers to fmul.o(x$fpl$fmul) for __aeabi_fmul
    usart.o(.data) refers (Special) to use_no_semi_2.o(.text) for __use_no_semihosting
    led.o(.text) refers to delay.o(.text) for delay_ms
    24l01.o(.text) refers to spi.o(.text) for SPI1_Init
    24l01.o(.text) refers to 24l01.o(.data) for VAL
    24l01.o(.text) refers to fflt_clz.o(x$fpl$fflt) for __aeabi_i2f
    24l01.o(.text) refers to fmul.o(x$fpl$fmul) for __aeabi_fmul
    24l01.o(.text) refers to fflt_clz.o(x$fpl$ffltu) for __aeabi_ui2f
    24l01.o(.text) refers to faddsub_clz.o(x$fpl$fadd) for __aeabi_fadd
    24l01.o(.text) refers to faddsub_clz.o(x$fpl$frsb) for __aeabi_frsub
    24l01.o(.text) refers to frleqf.o(x$fpl$frleqf) for __aeabi_cfrcmple
    exti.o(.text) refers to sys.o(.text) for Ex_NVIC_Config
    timer.o(.text) refers to sys.o(.text) for MY_NVIC_Init
    mpu6050.o(.text) refers to stm32_i2c.o(.text) for i2cRead
    mpu6050.o(.text) refers to delay.o(.text) for delay_ms
    mpu6050.o(.text) refers to dflt_clz.o(x$fpl$dflt) for __aeabi_i2d
    mpu6050.o(.text) refers to dmul.o(x$fpl$dmul) for __aeabi_dmul
    mpu6050.o(.text) refers to d2f.o(x$fpl$d2f) for __aeabi_d2f
    mpu6050.o(.text) refers to mpu6050.o(.bss) for mpu6050_buffer
    mpu6050.o(.text) refers to control.o(.data) for ACC
    stm32_i2c.o(.text) refers to main.o(.data) for delays
    imu.o(.text) refers to dflt_clz.o(x$fpl$dflt) for __aeabi_i2d
    imu.o(.text) refers to dmul.o(x$fpl$dmul) for __aeabi_dmul
    imu.o(.text) refers to d2f.o(x$fpl$d2f) for __aeabi_d2f
    imu.o(.text) refers to fflt_clz.o(x$fpl$ffltu) for __aeabi_ui2f
    imu.o(.text) refers to fflt_clz.o(x$fpl$fflt) for __aeabi_i2f
    imu.o(.text) refers to fdiv.o(x$fpl$fdiv) for __aeabi_fdiv
    imu.o(.text) refers to ffix.o(x$fpl$ffix) for __aeabi_f2iz
    imu.o(.text) refers to f2d.o(x$fpl$f2d) for __aeabi_f2d
    imu.o(.text) refers to fmul.o(x$fpl$fmul) for __aeabi_fmul
    imu.o(.text) refers to faddsub_clz.o(x$fpl$fadd) for __aeabi_fadd
    imu.o(.text) refers to fast_math.o(.text) for invSqrt
    imu.o(.text) refers to faddsub_clz.o(x$fpl$fsub) for __aeabi_fsub
    imu.o(.text) refers to control.o(.data) for GYR
[...]
    libshutdown.o(.ARM.Collect$$libshutdown$$00000000) refers (Special) to libshutdown2.o(.ARM.Collect$$libshutdown$$0000000F) for __rt_lib_shutdown_return
    libshutdown.o(.ARM.Collect$$libshutdown$$00000000) refers (Special) to libshutdown2.o(.ARM.Collect$$libshutdown$$00000009) for __rt_lib_shutdown_signal_1
    libshutdown.o(.ARM.Collect$$libshutdown$$00000000) refers (Special) to libshutdown2.o(.ARM.Collect$$libshutdown$$00000003) for __rt_lib_shutdown_stdio_1
    libshutdown.o(.ARM.Collect$$libshutdown$$00000000) refers (Special) to libshutdown2.o(.ARM.Collect$$libshutdown$$0000000B) for __rt_lib_shutdown_user_alloc_1
    sys_command.o(.text) refers (Special) to use_no_semi.o(.text) for __I$use$semihosting
    defsig_rtmem_outer.o(.text) refers to defsig_rtmem_inner.o(.text) for __rt_SIGRTMEM_inner
    defsig_rtmem_outer.o(.text) refers to defsig_exit.o(.text) for __sig_exit
    defsig_rtmem_formal.o(.text) refers to rt_raise.o(.text) for __rt_raise
    rt_raise.o(.text) refers to __raise.o(.text) for __raise
    rt_raise.o(.text) refers to usart.o(.text) for _sys_exit
    defsig_exit.o(.text) refers to usart.o(.text) for _sys_exit
    defsig_rtmem_inner.o(.text) refers to defsig_general.o(.text) for __default_signal_display
    __raise.o(.text) refers to defsig.o(CL$$defsig) for __default_signal_handler
    defsig_general.o(.text) refers to sys_wrch.o(.text) for _ttywrch
    sys_wrch.o(.text) refers (Special) to use_no_semi.o(.text) for __I$use$semihosting
    defsig.o(CL$$defsig) refers to defsig_rtmem_inner.o(.text) for __rt_SIGRTMEM_inner
    defsig_abrt_inner.o(.text) refers to defsig_general.o(.text) for __default_signal_display
    defsig_fpe_inner.o(.text) refers to defsig_general.o(.text) for __default_signal_display
    defsig_rtred_inner.o(.text) refers to defsig_general.o(.text) for __default_signal_display
    defsig_stak_inner.o(.text) refers to defsig_general.o(.text) for __default_signal_display
    defsig_pvfn_inner.o(.text) refers to defsig_general.o(.text) for __default_signal_display
    defsig_cppl_inner.o(.text) refers to defsig_general.o(.text) for __default_signal_display
    defsig_segv_inner.o(.text) refers to defsig_general.o(.text) for __default_signal_display
    defsig_other.o(.text) refers to defsig_general.o(.text) for __default_signal_display


==============================================================================

Removing Unused input sections from the image.

    Removing main.o(.bss), (76 bytes).
    Removing usart.o(.data), (4 bytes).
    Removing hmc5883.o(.text), (28 bytes).
    Removing hmc5883.o(.data), (6 bytes).

4 unused section(s) (total 114 bytes) removed from the image.

==============================================================================

Image Symbol Table

    Local Symbols

    Symbol Name                              Value     Ov Type        Size  Object(Section)

    ../../angel/boardlib.s                   0x00000000   Number         0  boardshut.o ABSOLUTE
    ../../angel/boardlib.s                   0x00000000   Number         0  boardinit3.o ABSOLUTE
    ../../angel/boardlib.s                   0x00000000   Number         0  boardinit2.o ABSOLUTE
    ../../angel/boardlib.s                   0x00000000   Number         0  boardinit1.o ABSOLUTE
    ../../angel/dczerorl2.s                  0x00000000   Number         0  __dczerorl2.o ABSOLUTE
    ../../angel/handlers.s                   0x00000000   Number         0  __scatter_zi.o ABSOLUTE
    ../../angel/kernel.s                     0x00000000   Number         0  rtentry2.o ABSOLUTE
    ../../angel/kernel.s                     0x00000000   Number         0  rtentry4.o ABSOLUTE
    ../../angel/kernel.s                     0x00000000   Number         0  rtexit2.o ABSOLUTE
    ../../angel/kernel.s                     0x00000000   Number         0  rtexit.o ABSOLUTE
    ../../angel/kernel.s                     0x00000000   Number         0  rtentry.o ABSOLUTE
    ../../angel/rt.s                         0x00000000   Number         0  rt_errno_addr.o ABSOLUTE
    ../../angel/rt.s                         0x00000000   Number         0  rt_fp_status_addr.o ABSOLUTE
    ../../angel/rt.s                         0x00000000   Number         0  rt_fp_status_addr_intlibspace.o ABSOLUTE
    ../../angel/rt.s                         0x00000000   Number         0  rt_raise.o ABSOLUTE
    ../../angel/rt.s                         0x00000000   Number         0  rt_errno_addr_intlibspace.o ABSOLUTE
    ../../angel/scatter.s                    0x00000000   Number         0  __scatter.o ABSOLUTE
    ../../angel/startup.s                    0x00000000   Number         0  __main.o ABSOLUTE
    ../../angel/sys.s                        0x00000000   Number         0  sys_stackheap_outer.o ABSOLUTE
    ../../angel/sys.s                        0x00000000   Number         0  libspace.o ABSOLUTE
    ../../angel/sys.s                        0x00000000   Number         0  use_no_semi.o ABSOLUTE
    ../../angel/sys.s                        0x00000000   Number         0  use_no_semi_2.o ABSOLUTE
    ../../angel/sysapp.c                     0x00000000   Number         0  sys_wrch.o ABSOLUTE
    ../../angel/sysapp.c                     0x00000000   Number         0  sys_command.o ABSOLUTE
    ../../armsys.c                           0x00000000   Number         0  argv_veneer.o ABSOLUTE
    ../../armsys.c                           0x00000000   Number         0  argv_veneer.o ABSOLUTE
    ../../armsys.c                           0x00000000   Number         0  no_argv.o ABSOLUTE
    ../../armsys.c                           0x00000000   Number         0  _get_argv_nomalloc.o ABSOLUTE
    ../../asin.c                             0x00000000   Number         0  asin_x.o ABSOLUTE
    ../../asin.c                             0x00000000   Number         0  asin.o ABSOLUTE
    ../../atan.c                             0x00000000   Number         0  atan_x.o ABSOLUTE
    ../../atan.c                             0x00000000   Number         0  atan.o ABSOLUTE
    ../../atan2.c                            0x00000000   Number         0  atan2.o ABSOLUTE
    ../../atan2.c                            0x00000000   Number         0  atan2_x.o ABSOLUTE
    ../../d2f.s                              0x00000000   Number         0  d2f.o ABSOLUTE
    ../../daddsub.s                          0x00000000   Number         0  daddsub_clz.o ABSOLUTE
    ../../dcheck1.s                          0x00000000   Number         0  dcheck1.o ABSOLUTE
    ../../dcmpi.s                            0x00000000   Number         0  dcmpi.o ABSOLUTE
    ../../ddiv.s                             0x00000000   Number         0  ddiv.o ABSOLUTE
    ../../dflt.s                             0x00000000   Number         0  dflt_clz.o ABSOLUTE
    ../../dleqf.s                            0x00000000   Number         0  dleqf.o ABSOLUTE
    ../../dmul.s                             0x00000000   Number         0  dmul.o ABSOLUTE
    ../../dnaninf.s                          0x00000000   Number         0  dnaninf.o ABSOLUTE
    ../../dretinf.s                          0x00000000   Number         0  dretinf.o ABSOLUTE
    ../../drleqf.s                           0x00000000   Number         0  drleqf.o ABSOLUTE
    ../../dsqrt.s                            0x00000000   Number         0  dsqrt_noumaal.o ABSOLUTE
    ../../dunder.c                           0x00000000   Number         0  dunder.o ABSOLUTE
    ../../f2d.s                              0x00000000   Number         0  f2d.o ABSOLUTE
    ../../faddsub.s                          0x00000000   Number         0  faddsub_clz.o ABSOLUTE
    ../../fcmpi.s                            0x00000000   Number         0  fcmpi.o ABSOLUTE
    ../../fdiv.s                             0x00000000   Number         0  fdiv.o ABSOLUTE
    ../../fenv.c                             0x00000000   Number         0  _rserrno.o ABSOLUTE
    ../../ffix.s                             0x00000000   Number         0  ffix.o ABSOLUTE
    ../../ffixu.s                            0x00000000   Number         0  ffixu.o ABSOLUTE
    ../../fflt.s                             0x00000000   Number         0  fflt_clz.o ABSOLUTE
    ../../fleqf.s                            0x00000000   Number         0  fleqf.o ABSOLUTE
    ../../fmul.s                             0x00000000   Number         0  fmul.o ABSOLUTE
    ../../fnaninf.s                          0x00000000   Number         0  fnaninf.o ABSOLUTE
    ../../fpclassify.c                       0x00000000   Number         0  fpclassify.o ABSOLUTE
    ../../fpinit.s                           0x00000000   Number         0  fpinit.o ABSOLUTE
    ../../fretinf.s                          0x00000000   Number         0  fretinf.o ABSOLUTE
    ../../frleqf.s                           0x00000000   Number         0  frleqf.o ABSOLUTE
    ../../heapalloc.c                        0x00000000   Number         0  hrguard.o ABSOLUTE
    ../../heapaux.c                          0x00000000   Number         0  heapauxi.o ABSOLUTE
    ../../libinit.s                          0x00000000   Number         0  libshutdown2.o ABSOLUTE
    ../../libinit.s                          0x00000000   Number         0  libshutdown.o ABSOLUTE
    ../../libinit.s                          0x00000000   Number         0  libinit2.o ABSOLUTE
    ../../libinit.s                          0x00000000   Number         0  libinit.o ABSOLUTE
    ../../memcpset.s                         0x00000000   Number         0  rt_memcpy_w.o ABSOLUTE
    ../../poly.c                             0x00000000   Number         0  poly.o ABSOLUTE
    ../../qnan.c                             0x00000000   Number         0  qnan.o ABSOLUTE
    ../../retnan.s                           0x00000000   Number         0  retnan.o ABSOLUTE
    ../../scalbn.s                           0x00000000   Number         0  scalbn.o ABSOLUTE
    ../../signal.c                           0x00000000   Number         0  __raise.o ABSOLUTE
    ../../signal.c                           0x00000000   Number         0  defsig_rtmem_formal.o ABSOLUTE
    ../../signal.c                           0x00000000   Number         0  defsig_abrt_inner.o ABSOLUTE
    ../../signal.c                           0x00000000   Number         0  defsig_general.o ABSOLUTE
    ../../signal.c                           0x00000000   Number         0  defsig_exit.o ABSOLUTE
    ../../signal.c                           0x00000000   Number         0  defsig_rtmem_outer.o ABSOLUTE
    ../../signal.c                           0x00000000   Number         0  defsig_fpe_inner.o ABSOLUTE
    ../../signal.c                           0x00000000   Number         0  defsig_rtmem_inner.o ABSOLUTE
    ../../signal.c                           0x00000000   Number         0  defsig_rtred_inner.o ABSOLUTE
    ../../signal.c                           0x00000000   Number         0  defsig_segv_inner.o ABSOLUTE
    ../../signal.c                           0x00000000   Number         0  defsig_cppl_inner.o ABSOLUTE
    ../../signal.c                           0x00000000   Number         0  defsig_other.o ABSOLUTE
    ../../signal.c                           0x00000000   Number         0  defsig_pvfn_inner.o ABSOLUTE
    ../../signal.c                           0x00000000   Number         0  defsig_stak_inner.o ABSOLUTE
    ../../signal.s                           0x00000000   Number         0  defsig.o ABSOLUTE
    ../../sqrt.c                             0x00000000   Number         0  sqrt.o ABSOLUTE
    ../../sqrt.c                             0x00000000   Number         0  sqrt_x.o ABSOLUTE
    ../../stdlib.c                           0x00000000   Number         0  exit.o ABSOLUTE
    ../../trapv.s                            0x00000000   Number         0  trapv.o ABSOLUTE
    ../../usenofp.s                          0x00000000   Number         0  usenofp.o ABSOLUTE
    ..\HARDWARE\CONTROL\control.c            0x00000000   Number         0  control.o ABSOLUTE
    ..\HARDWARE\EXTI\exti.c                  0x00000000   Number         0  exti.o ABSOLUTE
    ..\HARDWARE\FAST_MATH\fast_math.c        0x00000000   Number         0  fast_math.o ABSOLUTE
    ..\HARDWARE\HMC5883\HMC5883.c            0x00000000   Number         0  hmc5883.o ABSOLUTE
    ..\HARDWARE\IMU\IMU.c                    0x00000000   Number         0  imu.o ABSOLUTE
    ..\HARDWARE\LED\led.c                    0x00000000   Number         0  led.o ABSOLUTE
    ..\HARDWARE\MPU6050\MPU6050.c            0x00000000   Number         0  mpu6050.o ABSOLUTE
    ..\HARDWARE\MPU6050\STM32_I2C.c          0x00000000   Number         0  stm32_i2c.o ABSOLUTE
    ..\HARDWARE\NRF24L01\24l01.c             0x00000000   Number         0  24l01.o ABSOLUTE
    ..\HARDWARE\SPI\spi.c                    0x00000000   Number         0  spi.o ABSOLUTE
    ..\HARDWARE\TIMER\timer.c                0x00000000   Number         0  timer.o ABSOLUTE
    ..\SYSTEM\delay\delay.c                  0x00000000   Number         0  delay.o ABSOLUTE
    ..\SYSTEM\sys\sys.c                      0x00000000   Number         0  sys.o ABSOLUTE
    ..\SYSTEM\usart\usart.c                  0x00000000   Number         0  usart.o ABSOLUTE
    ..\\SYSTEM\\sys\\sys.c                   0x00000000   Number         0  sys.o ABSOLUTE
    dc.s                                     0x00000000   Number         0  dc.o ABSOLUTE
    main.c                                   0x00000000   Number         0  main.o ABSOLUTE
    startup_stm32f10x_md.s                   0x00000000   Number         0  startup_stm32f10x_md.o ABSOLUTE
    RESET                                    0x08000000   Section      236  startup_stm32f10x_md.o(RESET)
    !!!main                                  0x080000ec   Section        8  __main.o(!!!main)
    !!!scatter                               0x080000f4   Section       52  __scatter.o(!!!scatter)
    !!dczerorl2                              0x08000128   Section       90  __dczerorl2.o(!!dczerorl2)
    !!handler_zi                             0x08000184   Section       28  __scatter_zi.o(!!handler_zi)
    .ARM.Collect$$libinit$$00000000          0x080001a0   Section        6  libinit.o(.ARM.Collect$$libinit$$00000000)
    .ARM.Collect$$libinit$$00000006          0x080001a6   Section        0  libinit2.o(.ARM.Collect$$libinit$$00000006)
    .ARM.Collect$$libinit$$00000008          0x080001a6   Section        0  libinit2.o(.ARM.Collect$$libinit$$00000008)
    .ARM.Collect$$libinit$$0000000A          0x080001a6   Section        0  libinit2.o(.ARM.Collect$$libinit$$0000000A)
    .ARM.Collect$$libinit$$0000000D          0x080001a6   Section        0  libinit2.o(.ARM.Collect$$libinit$$0000000D)
    .ARM.Collect$$libinit$$0000000F          0x080001a6   Section        0  libinit2.o(.ARM.Collect$$libinit$$0000000F)
    .ARM.Collect$$libinit$$00000011          0x080001a6   Section        0  libinit2.o(.ARM.Collect$$libinit$$00000011)
    .ARM.Collect$$libinit$$00000013          0x080001a6   Section        0  libinit2.o(.ARM.Collect$$libinit$$00000013)
    .ARM.Collect$$libinit$$00000015          0x080001a6   Section        0  libinit2.o(.ARM.Collect$$libinit$$00000015)
    .ARM.Collect$$libinit$$00000017          0x080001a6   Section        0  libinit2.o(.ARM.Collect$$libinit$$00000017)
    .ARM.Collect$$libinit$$00000019          0x080001a6   Section        0  libinit2.o(.ARM.Collect$$libinit$$00000019)
    .ARM.Collect$$libinit$$0000001B          0x080001a6   Section        0  libinit2.o(.ARM.Collect$$libinit$$0000001B)
    .ARM.Collect$$libinit$$0000001D          0x080001a6   Section        0  libinit2.o(.ARM.Collect$$libinit$$0000001D)
    .ARM.Collect$$libinit$$0000001F          0x080001a6   Section        0  libinit2.o(.ARM.Collect$$libinit$$0000001F)
    .ARM.Collect$$libinit$$00000021          0x080001a6   Section        0  libinit2.o(.ARM.Collect$$libinit$$00000021)
    .ARM.Collect$$libinit$$00000028          0x080001a6   Section        0  libinit2.o(.ARM.Collect$$libinit$$00000028)
    .ARM.Collect$$libinit$$0000002A          0x080001a6   Section        0  libinit2.o(.ARM.Collect$$libinit$$0000002A)
    .ARM.Collect$$libinit$$0000002C          0x080001a6   Section        0  libinit2.o(.ARM.Collect$$libinit$$0000002C)
    .ARM.Collect$$libinit$$0000002E          0x080001a6   Section        0  libinit2.o(.ARM.Collect$$libinit$$0000002E)
    .ARM.Collect$$libinit$$0000002F          0x080001a6   Section        2  libinit2.o(.ARM.Collect$$libinit$$0000002F)
    .ARM.Collect$$libshutdown$$00000000      0x080001a8   Section        2  libshutdown.o(.ARM.Collect$$libshutdown$$00000000)
    .ARM.Collect$$libshutdown$$00000003      0x080001aa   Section        0  libshutdown2.o(.ARM.Collect$$libshutdown$$00000003)
    .ARM.Collect$$libshutdown$$00000006      0x080001aa   Section        0  libshutdown2.o(.ARM.Collect$$libshutdown$$00000006)
    .ARM.Collect$$libshutdown$$00000009      0x080001aa   Section        0  libshutdown2.o(.ARM.Collect$$libshutdown$$00000009)
    .ARM.Collect$$libshutdown$$0000000B      0x080001aa   Section        0  libshutdown2.o(.ARM.Collect$$libshutdown$$0000000B)
    .ARM.Collect$$libshutdown$$0000000E      0x080001aa   Section        0  libshutdown2.o(.ARM.Collect$$libshutdown$$0000000E)
    .ARM.Collect$$libshutdown$$0000000F      0x080001aa   Section        2  libshutdown2.o(.ARM.Collect$$libshutdown$$0000000F)
    .ARM.Collect$$rtentry$$00000000          0x080001ac   Section        0  rtentry.o(.ARM.Collect$$rtentry$$00000000)
    .ARM.Collect$$rtentry$$00000002          0x080001ac   Section        0  rtentry2.o(.ARM.Collect$$rtentry$$00000002)
    .ARM.Collect$$rtentry$$00000004          0x080001ac   Section        6  rtentry4.o(.ARM.Collect$$rtentry$$00000004)
    .ARM.Collect$$rtentry$$00000009          0x080001b2   Section        0  rtentry2.o(.ARM.Collect$$rtentry$$00000009)
    .ARM.Collect$$rtentry$$0000000A          0x080001b2   Section        4  rtentry2.o(.ARM.Collect$$rtentry$$0000000A)
    .ARM.Collect$$rtentry$$0000000C          0x080001b6   Section        0  rtentry2.o(.ARM.Collect$$rtentry$$0000000C)
    .ARM.Collect$$rtentry$$0000000D          0x080001b6   Section        8  rtentry2.o(.ARM.Collect$$rtentry$$0000000D)
    .ARM.Collect$$rtexit$$00000000           0x080001be   Section        2  rtexit.o(.ARM.Collect$$rtexit$$00000000)
    .ARM.Collect$$rtexit$$00000002           0x080001c0   Section        0  rtexit2.o(.ARM.Collect$$rtexit$$00000002)
    .ARM.Collect$$rtexit$$00000003           0x080001c0   Section        4  rtexit2.o(.ARM.Collect$$rtexit$$00000003)
    .ARM.Collect$$rtexit$$00000004           0x080001c4   Section        6  rtexit2.o(.ARM.Collect$$rtexit$$00000004)
    .emb_text                                0x080001cc   Section       12  sys.o(.emb_text)
    .text                                    0x080001d8   Section       56  startup_stm32f10x_md.o(.text)
    .text                                    0x08000210   Section        0  main.o(.text)
    .text                                    0x0800055c   Section        0  delay.o(.text)
    .text                                    0x080005fc   Section        0  sys.o(.text)
    .text                                    0x08000904   Section        0  usart.o(.text)
    .text                                    0x08000b50   Section        0  led.o(.text)
    .text                                    0x08000d14   Section        0  24l01.o(.text)
    .text                                    0x08001438   Section        0  spi.o(.text)
    .text                                    0x08001568   Section        0  exti.o(.text)
    .text                                    0x080015a8   Section        0  timer.o(.text)
    .text                                    0x08001758   Section        0  mpu6050.o(.text)
    .text                                    0x08001b04   Section        0  stm32_i2c.o(.text)
    I2C_Start                                0x08001b17   Thumb Code    92  stm32_i2c.o(.text)
    I2C_Stop                                 0x08001b73   Thumb Code    68  stm32_i2c.o(.text)
    I2C_Ack                                  0x08001bb7   Thumb Code    68  stm32_i2c.o(.text)
    I2C_NoAck                                0x08001bfb   Thumb Code    68  stm32_i2c.o(.text)
    I2C_WaitAck                              0x08001c3f   Thumb Code    92  stm32_i2c.o(.text)
    I2C_SendByte                             0x08001c9b   Thumb Code   104  stm32_i2c.o(.text)
    I2C_ReceiveByte                          0x08001d03   Thumb Code    96  stm32_i2c.o(.text)
    .text                                    0x08001f74   Section        0  imu.o(.text)
    .text                                    0x08002b48   Section        0  fast_math.o(.text)
    .text                                    0x0800305c   Section        0  control.o(.text)
    .text                                    0x08003970   Section        2  use_no_semi_2.o(.text)
    .text                                    0x08003972   Section      100  rt_memcpy_w.o(.text)
    .text                                    0x080039d6   Section        0  heapauxi.o(.text)
    .text                                    0x080039dc   Section        2  use_no_semi.o(.text)
    .text                                    0x080039de   Section        0  _rserrno.o(.text)
    .text                                    0x080039f4   Section       12  rt_errno_addr_intlibspace.o(.text)
    .text                                    0x08003a00   Section        8  libspace.o(.text)
    .text                                    0x08003a08   Section       74  sys_stackheap_outer.o(.text)
    .text                                    0x08003a52   Section        0  exit.o(.text)
    .text                                    0x08003a60   Section       12  rt_fp_status_addr_intlibspace.o(.text)
    i.__ARM_fpclassify                       0x08003a6c   Section        0  fpclassify.o(i.__ARM_fpclassify)
    i.__kernel_poly                          0x08003a94   Section        0  poly.o(i.__kernel_poly)
    i.__mathlib_dbl_underflow                0x08003b40   Section        0  dunder.o(i.__mathlib_dbl_underflow)
    i.asin                                   0x08003b50   Section        0  asin.o(i.asin)
    i.atan                                   0x08003dd0   Section        0  atan.o(i.atan)
    i.atan2                                  0x08003ff4   Section        0  atan2.o(i.atan2)
    i.sqrt                                   0x08004174   Section        0  sqrt.o(i.sqrt)
    x$fpl$d2f                                0x080041c0   Section       98  d2f.o(x$fpl$d2f)
    x$fpl$dadd                               0x08004224   Section      332  daddsub_clz.o(x$fpl$dadd)
    _dadd1                                   0x08004235   Thumb Code     0  daddsub_clz.o(x$fpl$dadd)
    x$fpl$dcheck1                            0x08004370   Section       16  dcheck1.o(x$fpl$dcheck1)
    x$fpl$dcmpinf                            0x08004380   Section       24  dcmpi.o(x$fpl$dcmpinf)
    x$fpl$ddiv                               0x08004398   Section      688  ddiv.o(x$fpl$ddiv)
    ddiv_entry                               0x0800439f   Thumb Code     0  ddiv.o(x$fpl$ddiv)
    x$fpl$dflt                               0x08004648   Section       46  dflt_clz.o(x$fpl$dflt)
    x$fpl$dfltu                              0x08004676   Section       38  dflt_clz.o(x$fpl$dfltu)
    x$fpl$dleqf                              0x0800469c   Section      120  dleqf.o(x$fpl$dleqf)
    x$fpl$dmul                               0x08004714   Section      340  dmul.o(x$fpl$dmul)
    x$fpl$dnaninf                            0x08004868   Section      156  dnaninf.o(x$fpl$dnaninf)
    x$fpl$dretinf                            0x08004904   Section       12  dretinf.o(x$fpl$dretinf)
    x$fpl$drleqf                             0x08004910   Section      108  drleqf.o(x$fpl$drleqf)
    x$fpl$drsb                               0x0800497c   Section       22  daddsub_clz.o(x$fpl$drsb)
    x$fpl$dsqrt                              0x08004994   Section      460  dsqrt_noumaal.o(x$fpl$dsqrt)
    x$fpl$dsub                               0x08004b60   Section      468  daddsub_clz.o(x$fpl$dsub)
    _dsub1                                   0x08004b71   Thumb Code     0  daddsub_clz.o(x$fpl$dsub)
    x$fpl$f2d                                0x08004d34   Section       86  f2d.o(x$fpl$f2d)
    x$fpl$fadd                               0x08004d8c   Section      196  faddsub_clz.o(x$fpl$fadd)
    _fadd1                                   0x08004d9b   Thumb Code     0  faddsub_clz.o(x$fpl$fadd)
    x$fpl$fcmpinf                            0x08004e50   Section       24  fcmpi.o(x$fpl$fcmpinf)
    x$fpl$fdiv                               0x08004e68   Section      388  fdiv.o(x$fpl$fdiv)
    _fdiv1                                   0x08004e69   Thumb Code     0  fdiv.o(x$fpl$fdiv)
    x$fpl$ffix                               0x08004fec   Section       54  ffix.o(x$fpl$ffix)
    x$fpl$ffixu                              0x08005024   Section       62  ffixu.o(x$fpl$ffixu)
    x$fpl$fflt                               0x08005064   Section       48  fflt_clz.o(x$fpl$fflt)
    x$fpl$ffltu                              0x08005094   Section       38  fflt_clz.o(x$fpl$ffltu)
    x$fpl$fleqf                              0x080050bc   Section      104  fleqf.o(x$fpl$fleqf)
    x$fpl$fmul                               0x08005124   Section      258  fmul.o(x$fpl$fmul)
    x$fpl$fnaninf                            0x08005226   Section      140  fnaninf.o(x$fpl$fnaninf)
    x$fpl$fpinit                             0x080052b2   Section       14  fpinit.o(x$fpl$fpinit)
    x$fpl$fretinf                            0x080052c0   Section       10  fretinf.o(x$fpl$fretinf)
    x$fpl$frleqf                             0x080052ca   Section       98  frleqf.o(x$fpl$frleqf)
    x$fpl$frsb                               0x0800532c   Section       20  faddsub_clz.o(x$fpl$frsb)
    x$fpl$fsub                               0x08005340   Section      234  faddsub_clz.o(x$fpl$fsub)
    _fsub1                                   0x0800534f   Thumb Code     0  faddsub_clz.o(x$fpl$fsub)
    x$fpl$retnan                             0x0800542a   Section      100  retnan.o(x$fpl$retnan)
    x$fpl$scalbn                             0x0800548e   Section       96  scalbn.o(x$fpl$scalbn)
    x$fpl$trapveneer                         0x080054ee   Section       48  trapv.o(x$fpl$trapveneer)
    x$fpl$usenofp                            0x0800551e   Section        0  usenofp.o(x$fpl$usenofp)
    .constdata                               0x08005520   Section       76  imu.o(.constdata)
    .constdata                               0x08005570   Section       80  asin.o(.constdata)
    pS                                       0x08005570   Data          48  asin.o(.constdata)
    qS                                       0x080055a0   Data          32  asin.o(.constdata)
    .constdata                               0x080055c0   Section      152  atan.o(.constdata)
    atanhi                                   0x080055c0   Data          32  atan.o(.constdata)
    atanlo                                   0x080055e0   Data          32  atan.o(.constdata)
    aTodd                                    0x08005600   Data          40  atan.o(.constdata)
    aTeven                                   0x08005628   Data          48  atan.o(.constdata)
    .constdata                               0x08005658   Section        8  qnan.o(.constdata)
    .data                                    0x20000000   Section       48  main.o(.data)
    .data                                    0x20000030   Section        4  delay.o(.data)
    fac_us                                   0x20000030   Data           1  delay.o(.data)
    fac_ms                                   0x20000032   Data           2  delay.o(.data)
    .data                                    0x20000034   Section       66  24l01.o(.data)
    .data                                    0x20000078   Section       41  imu.o(.data)
    filter_cnt                               0x200000a0   Data           1  imu.o(.data)
    .data                                    0x200000a4   Section      257  control.o(.data)
    cnt                                      0x200001a4   Data           1  control.o(.data)
    .bss                                     0x200001a8   Section       28  mpu6050.o(.bss)
    .bss                                     0x200001c4   Section      288  imu.o(.bss)
    .bss                                     0x200002e4   Section      548  control.o(.bss)
    .bss                                     0x20000508   Section       96  libspace.o(.bss)
    HEAP                                     0x20000568   Section      256  startup_stm32f10x_md.o(HEAP)
    Heap_Mem                                 0x20000568   Data         256  startup_stm32f10x_md.o(HEAP)
    STACK                                    0x20000668   Section     2048  startup_stm32f10x_md.o(STACK)
    Stack_Mem                                0x20000668   Data        2048  startup_stm32f10x_md.o(STACK)
    __initial_sp                             0x20000e68   Data           0  startup_stm32f10x_md.o(STACK)

    Global Symbols

    Symbol Name                              Value     Ov Type        Size  Object(Section)

    BuildAttributes$$THM_ISAv4$P$D$K$B$S$PE$A:L22UL41UL21$X:L11$S22US41US21$IEEE1$IW$USESV6$~STKCKD$USESV7$~SHL$OTIME$ROPI$IEEEX$EBA8$UX$STANDARDLIB$REQ8$PRES8$EABIv2 0x00000000   Number         0  anon$$obj.o ABSOLUTE
    __ARM_use_no_argv                        0x00000000   Number         0  main.o ABSOLUTE
    __ARM_exceptions_init                     - Undefined Weak Reference
    __alloca_initialize                       - Undefined Weak Reference
    __cpp_initialize__aeabi_                  - Undefined Weak Reference
    __cxa_finalize                            - Undefined Weak Reference
    __fpl_infinity                            - Undefined Weak Reference
    __rt_locale                               - Undefined Weak Reference
    __sigvec_lookup                           - Undefined Weak Reference
    _atexit_init                              - Undefined Weak Reference
    _call_atexit_fns                          - Undefined Weak Reference
    _clock_init                               - Undefined Weak Reference
    _fp_trap_init                             - Undefined Weak Reference
    _fp_trap_shutdown                         - Undefined Weak Reference
    _get_lc_collate                           - Undefined Weak Reference
    _get_lc_ctype                             - Undefined Weak Reference
    _get_lc_monetary                          - Undefined Weak Reference
    _get_lc_numeric                           - Undefined Weak Reference
    _get_lc_time                              - Undefined Weak Reference
    _getenv_init                              - Undefined Weak Reference
    _handle_redirection                       - Undefined Weak Reference
    _init_alloc                               - Undefined Weak Reference
    _init_user_alloc                          - Undefined Weak Reference
    _initio                                   - Undefined Weak Reference
    _rand_init                                - Undefined Weak Reference
    _signal_finish                            - Undefined Weak Reference
    _signal_init                              - Undefined Weak Reference
    _terminate_alloc                          - Undefined Weak Reference
    _terminate_user_alloc                     - Undefined Weak Reference
    _terminateio                              - Undefined Weak Reference
    __Vectors_Size                           0x000000ec   Number         0  startup_stm32f10x_md.o ABSOLUTE
    __Vectors                                0x08000000   Data           4  startup_stm32f10x_md.o(RESET)
    __Vectors_End                            0x080000ec   Data           0  startup_stm32f10x_md.o(RESET)
    __main                                   0x080000ed   Thumb Code     8  __main.o(!!!main)
    __scatterload                            0x080000f5   Thumb Code     0  __scatter.o(!!!scatter)
    __scatterload_rt2                        0x080000f5   Thumb Code    44  __scatter.o(!!!scatter)
    __scatterload_rt2_thumb_only             0x080000f5   Thumb Code     0  __scatter.o(!!!scatter)
    __scatterload_null                       0x08000103   Thumb Code     0  __scatter.o(!!!scatter)
    __decompress                             0x08000129   Thumb Code    90  __dczerorl2.o(!!dczerorl2)
    __decompress1                            0x08000129   Thumb Code     0  __dczerorl2.o(!!dczerorl2)
    __scatterload_zeroinit                   0x08000185   Thumb Code    28  __scatter_zi.o(!!handler_zi)
    __rt_lib_init                            0x080001a1   Thumb Code     0  libinit.o(.ARM.Collect$$libinit$$00000000)
    __rt_lib_init_alloca_1                   0x080001a7   Thumb Code     0  libinit2.o(.ARM.Collect$$libinit$$0000002A)
    __rt_lib_init_argv_1                     0x080001a7   Thumb Code     0  libinit2.o(.ARM.Collect$$libinit$$00000028)
    __rt_lib_init_atexit_1                   0x080001a7   Thumb Code     0  libinit2.o(.ARM.Collect$$libinit$$00000017)
    __rt_lib_init_clock_1                    0x080001a7   Thumb Code     0  libinit2.o(.ARM.Collect$$libinit$$0000001D)
    __rt_lib_init_cpp_1                      0x080001a7   Thumb Code     0  libinit2.o(.ARM.Collect$$libinit$$0000002E)
    __rt_lib_init_exceptions_1               0x080001a7   Thumb Code     0  libinit2.o(.ARM.Collect$$libinit$$0000002C)
    __rt_lib_init_fp_trap_1                  0x080001a7   Thumb Code     0  libinit2.o(.ARM.Collect$$libinit$$0000001B)
    __rt_lib_init_getenv_1                   0x080001a7   Thumb Code     0  libinit2.o(.ARM.Collect$$libinit$$0000001F)
    __rt_lib_init_heap_1                     0x080001a7   Thumb Code     0  libinit2.o(.ARM.Collect$$libinit$$00000006)
    __rt_lib_init_lc_collate_1               0x080001a7   Thumb Code     0  libinit2.o(.ARM.Collect$$libinit$$0000000D)
    __rt_lib_init_lc_ctype_1                 0x080001a7   Thumb Code     0  libinit2.o(.ARM.Collect$$libinit$$0000000F)
    __rt_lib_init_lc_monetary_1              0x080001a7   Thumb Code     0  libinit2.o(.ARM.Collect$$libinit$$00000011)
    __rt_lib_init_lc_numeric_1               0x080001a7   Thumb Code     0  libinit2.o(.ARM.Collect$$libinit$$00000013)
    __rt_lib_init_lc_time_1                  0x080001a7   Thumb Code     0  libinit2.o(.ARM.Collect$$libinit$$00000015)
    __rt_lib_init_rand_1                     0x080001a7   Thumb Code     0  libinit2.o(.ARM.Collect$$libinit$$0000000A)
    __rt_lib_init_return                     0x080001a7   Thumb Code     0  libinit2.o(.ARM.Collect$$libinit$$0000002F)
    __rt_lib_init_signal_1                   0x080001a7   Thumb Code     0  libinit2.o(.ARM.Collect$$libinit$$00000019)
    __rt_lib_init_stdio_1                    0x080001a7   Thumb Code     0  libinit2.o(.ARM.Collect$$libinit$$00000021)
    __rt_lib_init_user_alloc_1               0x080001a7   Thumb Code     0  libinit2.o(.ARM.Collect$$libinit$$00000008)
    __rt_lib_shutdown                        0x080001a9   Thumb Code     0  libshutdown.o(.ARM.Collect$$libshutdown$$00000000)
    __rt_lib_shutdown_fp_trap_1              0x080001ab   Thumb Code     0  libshutdown2.o(.ARM.Collect$$libshutdown$$00000006)
    __rt_lib_shutdown_heap_1                 0x080001ab   Thumb Code     0  libshutdown2.o(.ARM.Collect$$libshutdown$$0000000E)
    __rt_lib_shutdown_return                 0x080001ab   Thumb Code     0  libshutdown2.o(.ARM.Collect$$libshutdown$$0000000F)
    __rt_lib_shutdown_signal_1               0x080001ab   Thumb Code     0  libshutdown2.o(.ARM.Collect$$libshutdown$$00000009)
    __rt_lib_shutdown_stdio_1                0x080001ab   Thumb Code     0  libshutdown2.o(.ARM.Collect$$libshutdown$$00000003)
    __rt_lib_shutdown_user_alloc_1           0x080001ab   Thumb Code     0  libshutdown2.o(.ARM.Collect$$libshutdown$$0000000B)
    __rt_entry                               0x080001ad   Thumb Code     0  rtentry.o(.ARM.Collect$$rtentry$$00000000)
    __rt_entry_presh_1                       0x080001ad   Thumb Code     0  rtentry2.o(.ARM.Collect$$rtentry$$00000002)
    __rt_entry_sh                            0x080001ad   Thumb Code     0  rtentry4.o(.ARM.Collect$$rtentry$$00000004)
    __rt_entry_li                            0x080001b3   Thumb Code     0  rtentry2.o(.ARM.Collect$$rtentry$$0000000A)
    __rt_entry_postsh_1                      0x080001b3   Thumb Code     0  rtentry2.o(.ARM.Collect$$rtentry$$00000009)
    __rt_entry_main                          0x080001b7   Thumb Code     0  rtentry2.o(.ARM.Collect$$rtentry$$0000000D)
    __rt_entry_postli_1                      0x080001b7   Thumb Code     0  rtentry2.o(.ARM.Collect$$rtentry$$0000000C)
    __rt_exit                                0x080001bf   Thumb Code     0  rtexit.o(.ARM.Collect$$rtexit$$00000000)
    __rt_exit_ls                             0x080001c1   Thumb Code     0  rtexit2.o(.ARM.Collect$$rtexit$$00000003)
    __rt_exit_prels_1                        0x080001c1   Thumb Code     0  rtexit2.o(.ARM.Collect$$rtexit$$00000002)
    __rt_exit_exit                           0x080001c5   Thumb Code     0  rtexit2.o(.ARM.Collect$$rtexit$$00000004)
    WFI_SET                                  0x080001cd   Thumb Code     2  sys.o(.emb_text)
    INTX_DISABLE                             0x080001cf   Thumb Code     2  sys.o(.emb_text)
    INTX_ENABLE                              0x080001d1   Thumb Code     2  sys.o(.emb_text)
    MSR_MSP                                  0x080001d3   Thumb Code     6  sys.o(.emb_text)
    Reset_Handler                            0x080001d9   Thumb Code     4  startup_stm32f10x_md.o(.text)
    NMI_Handler                              0x080001dd   Thumb Code     2  startup_stm32f10x_md.o(.text)
    HardFault_Handler                        0x080001df   Thumb Code     2  startup_stm32f10x_md.o(.text)
    MemManage_Handler                        0x080001e1   Thumb Code     2  startup_stm32f10x_md.o(.text)
    BusFault_Handler                         0x080001e3   Thumb Code     2  startup_stm32f10x_md.o(.text)
    UsageFault_Handler                       0x080001e5   Thumb Code     2  startup_stm32f10x_md.o(.text)
    SVC_Handler                              0x080001e7   Thumb Code     2  startup_stm32f10x_md.o(.text)
    DebugMon_Handler                         0x080001e9   Thumb Code     2  startup_stm32f10x_md.o(.text)
    PendSV_Handler                           0x080001eb   Thumb Code     2  startup_stm32f10x_md.o(.text)
    SysTick_Handler                          0x080001ed   Thumb Code     2  startup_stm32f10x_md.o(.text)
    ADC1_2_IRQHandler                        0x080001ef   Thumb Code     0  startup_stm32f10x_md.o(.text)
    CAN1_RX1_IRQHandler                      0x080001ef   Thumb Code     0  startup_stm32f10x_md.o(.text)
    CAN1_SCE_IRQHandler                      0x080001ef   Thumb Code     0  startup_stm32f10x_md.o(.text)
    DMA1_Channel1_IRQHandler                 0x080001ef   Thumb Code     0  startup_stm32f10x_md.o(.text)
    DMA1_Channel2_IRQHandler                 0x080001ef   Thumb Code     0  startup_stm32f10x_md.o(.text)
    DMA1_Channel3_IRQHandler                 0x080001ef   Thumb Code     0  startup_stm32f10x_md.o(.text)
    DMA1_Channel4_IRQHandler                 0x080001ef   Thumb Code     0  startup_stm32f10x_md.o(.text)
    DMA1_Channel5_IRQHandler                 0x080001ef   Thumb Code     0  startup_stm32f10x_md.o(.text)
    DMA1_Channel6_IRQHandler                 0x080001ef   Thumb Code     0  startup_stm32f10x_md.o(.text)
    DMA1_Channel7_IRQHandler                 0x080001ef   Thumb Code     0  startup_stm32f10x_md.o(.text)
    EXTI15_10_IRQHandler                     0x080001ef   Thumb Code     0  startup_stm32f10x_md.o(.text)
    EXTI1_IRQHandler                         0x080001ef   Thumb Code     0  startup_stm32f10x_md.o(.text)
    EXTI9_5_IRQHandler                       0x080001ef   Thumb Code     0  startup_stm32f10x_md.o(.text)
    FLASH_IRQHandler                         0x080001ef   Thumb Code     0  startup_stm32f10x_md.o(.text)
    I2C1_ER_IRQHandler                       0x080001ef   Thumb Code     0  startup_stm32f10x_md.o(.text)
    I2C1_EV_IRQHandler                       0x080001ef   Thumb Code     0  startup_stm32f10x_md.o(.text)
    I2C2_ER_IRQHandler                       0x080001ef   Thumb Code     0  startup_stm32f10x_md.o(.text)
    I2C2_EV_IRQHandler                       0x080001ef   Thumb Code     0  startup_stm32f10x_md.o(.text)
    PVD_IRQHandler                           0x080001ef   Thumb Code     0  startup_stm32f10x_md.o(.text)
    RCC_IRQHandler                           0x080001ef   Thumb Code     0  startup_stm32f10x_md.o(.text)
    RTCAlarm_IRQHandler                      0x080001ef   Thumb Code     0  startup_stm32f10x_md.o(.text)
    RTC_IRQHandler                           0x080001ef   Thumb Code     0  startup_stm32f10x_md.o(.text)
    SPI1_IRQHandler                          0x080001ef   Thumb Code     0  startup_stm32f10x_md.o(.text)
    SPI2_IRQHandler                          0x080001ef   Thumb Code     0  startup_stm32f10x_md.o(.text)
    TAMPER_IRQHandler                        0x080001ef   Thumb Code     0  startup_stm32f10x_md.o(.text)
    TIM1_BRK_IRQHandler                      0x080001ef   Thumb Code     0  startup_stm32f10x_md.o(.text)
    TIM1_CC_IRQHandler                       0x080001ef   Thumb Code     0  startup_stm32f10x_md.o(.text)
    TIM1_TRG_COM_IRQHandler                  0x080001ef   Thumb Code     0  startup_stm32f10x_md.o(.text)
    TIM1_UP_IRQHandler                       0x080001ef   Thumb Code     0  startup_stm32f10x_md.o(.text)
    TIM2_IRQHandler                          0x080001ef   Thumb Code     0  startup_stm32f10x_md.o(.text)
    USART1_IRQHandler                        0x080001ef   Thumb Code     0  startup_stm32f10x_md.o(.text)
    USART2_IRQHandler                        0x080001ef   Thumb Code     0  startup_stm32f10x_md.o(.text)
    USART3_IRQHandler                        0x080001ef   Thumb Code     0  startup_stm32f10x_md.o(.text)
    USBWakeUp_IRQHandler                     0x080001ef   Thumb Code     0  startup_stm32f10x_md.o(.text)
    USB_HP_CAN1_TX_IRQHandler                0x080001ef   Thumb Code     0  startup_stm32f10x_md.o(.text)
    USB_LP_CAN1_RX0_IRQHandler               0x080001ef   Thumb Code     0  startup_stm32f10x_md.o(.text)
    WWDG_IRQHandler                          0x080001ef   Thumb Code     0  startup_stm32f10x_md.o(.text)
    __user_initial_stackheap                 0x080001f1   Thumb Code     0  startup_stm32f10x_md.o(.text)
    read_control_cmd                         0x08000211   Thumb Code   388  main.o(.text)
    main                                     0x08000395   Thumb Code   240  main.o(.text)
    TIM3_IRQHandler                          0x08000485   Thumb Code   106  main.o(.text)
    delay_init                               0x0800055d   Thumb Code    44  delay.o(.text)
    delay_us                                 0x08000589   Thumb Code    54  delay.o(.text)
    delay_ms                                 0x080005bf   Thumb Code    54  delay.o(.text)
    MY_NVIC_SetVectorTable                   0x080005fd   Thumb Code    12  sys.o(.text)
    MY_NVIC_PriorityGroupConfig              0x08000609   Thumb Code    42  sys.o(.text)
    MY_NVIC_Init                             0x08000633   Thumb Code   154  sys.o(.text)
    Ex_NVIC_Config                           0x080006cd   Thumb Code   160  sys.o(.text)
    MYRCC_DeInit                             0x0800076d   Thumb Code    90  sys.o(.text)
    Sys_Standby                              0x080007c7   Thumb Code    68  sys.o(.text)
    Sys_Soft_Reset                           0x0800080b   Thumb Code    10  sys.o(.text)
    JTAG_Set                                 0x08000815   Thumb Code    38  sys.o(.text)
    Stm32_Clock_Init                         0x0800083b   Thumb Code   130  sys.o(.text)
    _sys_exit                                0x08000905   Thumb Code     6  usart.o(.text)
    fputc                                    0x0800090b   Thumb Code    20  usart.o(.text)
    uart_init                                0x0800091f   Thumb Code   182  usart.o(.text)
    Send_Char                                0x080009d5   Thumb Code    18  usart.o(.text)
    Send_Str                                 0x080009e7   Thumb Code    34  usart.o(.text)
    UsartSend                                0x08000a09   Thumb Code    22  usart.o(.text)
    UART1_ReportIMU                          0x08000a1f   Thumb Code   272  usart.o(.text)
    LED_Init                                 0x08000b51   Thumb Code    98  led.o(.text)
    Show_str_leds                            0x08000bb3   Thumb Code   184  led.o(.text)
    ALL_LEDS_ON                              0x08000c6b   Thumb Code    30  led.o(.text)
    ALL_LEDS_OFF                             0x08000c89   Thumb Code    30  led.o(.text)
    LED_twinkle                              0x08000ca7   Thumb Code    94  led.o(.text)
    NRF24L01_Init                            0x08000d15   Thumb Code   174  24l01.o(.text)
    NRF24L01_Write_Reg                       0x08000dc3   Thumb Code    38  24l01.o(.text)
    NRF24L01_Read_Reg                        0x08000de9   Thumb Code    36  24l01.o(.text)
    NRF24L01_Read_Buf                        0x08000e0d   Thumb Code    56  24l01.o(.text)
    NRF24L01_Write_Buf                       0x08000e45   Thumb Code    56  24l01.o(.text)
    NRF24L01_RxPacket                        0x08000e7d   Thumb Code    66  24l01.o(.text)
    NRF24L01_RX_Mode                         0x08000ebf   Thumb Code   128  24l01.o(.text)
    NRF24L01_Check                           0x08000f3f   Thumb Code    66  24l01.o(.text)
    buhuo_init                               0x08000f81   Thumb Code   246  24l01.o(.text)
    TIM4_IRQHandler                          0x08001077   Thumb Code   792  24l01.o(.text)
    read_control_cmd0                        0x0800138f   Thumb Code    94  24l01.o(.text)
    SPI1_ReadWriteByte                       0x08001439   Thumb Code    74  spi.o(.text)
    SPI1_Init                                0x08001483   Thumb Code   168  spi.o(.text)
    SPI1_SetSpeed                            0x0800152b   Thumb Code    40  spi.o(.text)
    EXTI0_IRQHandler                         0x08001569   Thumb Code     8  exti.o(.text)
    EXTI2_IRQHandler                         0x08001571   Thumb Code     8  exti.o(.text)
    EXTI3_IRQHandler                         0x08001579   Thumb Code     8  exti.o(.text)
    EXTI4_IRQHandler                         0x08001581   Thumb Code     8  exti.o(.text)
    EXTIX_Init                               0x08001589   Thumb Code    26  exti.o(.text)
    TIM3_Int_Init                            0x080015a9   Thumb Code    82  timer.o(.text)
    TIM2_PWM_Init                            0x080015fb   Thumb Code   242  timer.o(.text)
    TIM5_Int_Init                            0x080016ed   Thumb Code    82  timer.o(.text)
    MPU6050_CONVENT                          0x08001759   Thumb Code   158  mpu6050.o(.text)
    MPU6050_READ                             0x080017f7   Thumb Code    16  mpu6050.o(.text)
    IICwriteBit                              0x08001807   Thumb Code    66  mpu6050.o(.text)
    IICwriteBits                             0x08001849   Thumb Code   106  mpu6050.o(.text)
    MPU6050_setClockSource                   0x080018b3   Thumb Code    20  mpu6050.o(.text)
    MPU6050_setFullScaleGyroRange            0x080018c7   Thumb Code    20  mpu6050.o(.text)
    MPU6050_setFullScaleAccelRange           0x080018db   Thumb Code    20  mpu6050.o(.text)
    MPU6050_setSleepEnabled                  0x080018ef   Thumb Code    18  mpu6050.o(.text)
    MPU6050_setI2CMasterModeEnabled          0x08001901   Thumb Code    18  mpu6050.o(.text)
    MPU6050_setI2CBypassEnabled              0x08001913   Thumb Code    18  mpu6050.o(.text)
    MPU6050_setDLPF                          0x08001925   Thumb Code    20  mpu6050.o(.text)
    MPU6050_setRATE                          0x08001939   Thumb Code    20  mpu6050.o(.text)
    MPU6050_INIT                             0x0800194d   Thumb Code    98  mpu6050.o(.text)
    Get_OFFSET                               0x080019af   Thumb Code   294  mpu6050.o(.text)
    I2C_delay                                0x08001b05   Thumb Code    18  stm32_i2c.o(.text)
    i2cInit                                  0x08001d63   Thumb Code    36  stm32_i2c.o(.text)
    i2cWriteBuffer                           0x08001d87   Thumb Code   100  stm32_i2c.o(.text)
    i2cWrite                                 0x08001deb   Thumb Code    72  stm32_i2c.o(.text)
    i2cRead                                  0x08001e33   Thumb Code   120  stm32_i2c.o(.text)
    init_HMC5883                             0x08001eab   Thumb Code    42  stm32_i2c.o(.text)
    HMC5883_read                             0x08001ed5   Thumb Code   160  stm32_i2c.o(.text)
    ACC_SMOOTH                               0x08001f75   Thumb Code   412  imu.o(.text)
    MahonyIMUupdate                          0x08002111   Thumb Code  1682  imu.o(.text)
    ACC_Filter_with_FIR                      0x080027a3   Thumb Code   516  imu.o(.text)
    ADXL345_Get_Angle                        0x080029a7   Thumb Code   364  imu.o(.text)
    my_abs                                   0x08002b49   Thumb Code    32  fast_math.o(.text)
    my_pow                                   0x08002b69   Thumb Code    14  fast_math.o(.text)
    my_sqrt                                  0x08002b77   Thumb Code   114  fast_math.o(.text)
    mx_sin                                   0x08002be9   Thumb Code   218  fast_math.o(.text)
    my_sin                                   0x08002cc3   Thumb Code    82  fast_math.o(.text)
    my_cos                                   0x08002d15   Thumb Code   106  fast_math.o(.text)
    xatan                                    0x08002d7f   Thumb Code   144  fast_math.o(.text)
    yatan                                    0x08002e0f   Thumb Code   196  fast_math.o(.text)
    my_asin                                  0x08002ed3   Thumb Code   318  fast_math.o(.text)
    invSqrt                                  0x08003011   Thumb Code    72  fast_math.o(.text)
    PID_INIT                                 0x0800305d   Thumb Code    72  control.o(.text)
    EXP_SMOOTH                               0x080030a5   Thumb Code   146  control.o(.text)
    READ_CONTROL_COMMAND                     0x08003137   Thumb Code   498  control.o(.text)
    Refresh_Or_STOP_MOTOR                    0x08003329   Thumb Code    70  control.o(.text)
    Limit_amplitude                          0x0800336f   Thumb Code   108  control.o(.text)
    STABLE_WITH_PID                          0x080033db   Thumb Code  1240  control.o(.text)
    CRASH_LANDING                            0x080038b3   Thumb Code    38  control.o(.text)
    __use_no_semihosting                     0x08003971   Thumb Code     2  use_no_semi_2.o(.text)
    __aeabi_memcpy4                          0x08003973   Thumb Code     0  rt_memcpy_w.o(.text)
    __aeabi_memcpy8                          0x08003973   Thumb Code     0  rt_memcpy_w.o(.text)
    __rt_memcpy_w                            0x08003973   Thumb Code   100  rt_memcpy_w.o(.text)
    _memcpy_lastbytes_aligned                0x080039bb   Thumb Code     0  rt_memcpy_w.o(.text)
    __use_two_region_memory                  0x080039d7   Thumb Code     2  heapauxi.o(.text)
    __rt_heap_escrow$2region                 0x080039d9   Thumb Code     2  heapauxi.o(.text)
    __rt_heap_expand$2region                 0x080039db   Thumb Code     2  heapauxi.o(.text)
    __I$use$semihosting                      0x080039dd   Thumb Code     0  use_no_semi.o(.text)
    __use_no_semihosting_swi                 0x080039dd   Thumb Code     2  use_no_semi.o(.text)
    __read_errno                             0x080039df   Thumb Code    10  _rserrno.o(.text)
    __set_errno                              0x080039e9   Thumb Code    12  _rserrno.o(.text)
    __aeabi_errno_addr                       0x080039f5   Thumb Code    12  rt_errno_addr_intlibspace.o(.text)
    __errno$intlibspace                      0x080039f5   Thumb Code     0  rt_errno_addr_intlibspace.o(.text)
    __rt_errno_addr$intlibspace              0x080039f5   Thumb Code     0  rt_errno_addr_intlibspace.o(.text)
    __user_libspace                          0x08003a01   Thumb Code     8  libspace.o(.text)
    __user_perproc_libspace                  0x08003a01   Thumb Code     0  libspace.o(.text)
    __user_perthread_libspace                0x08003a01   Thumb Code     0  libspace.o(.text)
    __user_setup_stackheap                   0x08003a09   Thumb Code    74  sys_stackheap_outer.o(.text)
    exit                                     0x08003a53   Thumb Code    12  exit.o(.text)
    __rt_fp_status_addr                      0x08003a61   Thumb Code    12  rt_fp_status_addr_intlibspace.o(.text)
    __ARM_fpclassify                         0x08003a6d   Thumb Code    40  fpclassify.o(i.__ARM_fpclassify)
    __kernel_poly                            0x08003a95   Thumb Code   170  poly.o(i.__kernel_poly)
    __mathlib_dbl_underflow                  0x08003b41   Thumb Code    10  dunder.o(i.__mathlib_dbl_underflow)
    asin                                     0x08003b51   Thumb Code   586  asin.o(i.asin)
    atan                                     0x08003dd1   Thumb Code   480  atan.o(i.atan)
    atan2                                    0x08003ff5   Thumb Code   346  atan2.o(i.atan2)
    sqrt                                     0x08004175   Thumb Code    74  sqrt.o(i.sqrt)
    __aeabi_d2f                              0x080041c1   Thumb Code     0  d2f.o(x$fpl$d2f)
    _d2f                                     0x080041c1   Thumb Code    98  d2f.o(x$fpl$d2f)
    __aeabi_dadd                             0x08004225   Thumb Code     0  daddsub_clz.o(x$fpl$dadd)
    _dadd                                    0x08004225   Thumb Code   328  daddsub_clz.o(x$fpl$dadd)
    __fpl_dcheck_NaN1                        0x08004371   Thumb Code    10  dcheck1.o(x$fpl$dcheck1)
    __fpl_dcmp_Inf                           0x08004381   Thumb Code    24  dcmpi.o(x$fpl$dcmpinf)
    __aeabi_ddiv                             0x08004399   Thumb Code     0  ddiv.o(x$fpl$ddiv)
    _ddiv                                    0x08004399   Thumb Code   552  ddiv.o(x$fpl$ddiv)
    __aeabi_i2d                              0x08004649   Thumb Code     0  dflt_clz.o(x$fpl$dflt)
    _dflt                                    0x08004649   Thumb Code    46  dflt_clz.o(x$fpl$dflt)
    __aeabi_ui2d                             0x08004677   Thumb Code     0  dflt_clz.o(x$fpl$dfltu)
    _dfltu                                   0x08004677   Thumb Code    38  dflt_clz.o(x$fpl$dfltu)
    __aeabi_cdcmple                          0x0800469d   Thumb Code     0  dleqf.o(x$fpl$dleqf)
    _dcmple                                  0x0800469d   Thumb Code   120  dleqf.o(x$fpl$dleqf)
    __fpl_dcmple_InfNaN                      0x080046ff   Thumb Code     0  dleqf.o(x$fpl$dleqf)
    __aeabi_dmul                             0x08004715   Thumb Code     0  dmul.o(x$fpl$dmul)
    _dmul                                    0x08004715   Thumb Code   332  dmul.o(x$fpl$dmul)
    __fpl_dnaninf                            0x08004869   Thumb Code   156  dnaninf.o(x$fpl$dnaninf)
    __fpl_dretinf                            0x08004905   Thumb Code    12  dretinf.o(x$fpl$dretinf)
    __aeabi_cdrcmple                         0x08004911   Thumb Code     0  drleqf.o(x$fpl$drleqf)
    _drcmple                                 0x08004911   Thumb Code   108  drleqf.o(x$fpl$drleqf)
    __aeabi_drsub                            0x0800497d   Thumb Code     0  daddsub_clz.o(x$fpl$drsb)
    _drsb                                    0x0800497d   Thumb Code    22  daddsub_clz.o(x$fpl$drsb)
    _dsqrt                                   0x08004995   Thumb Code   456  dsqrt_noumaal.o(x$fpl$dsqrt)
    __aeabi_dsub                             0x08004b61   Thumb Code     0  daddsub_clz.o(x$fpl$dsub)
    _dsub                                    0x08004b61   Thumb Code   464  daddsub_clz.o(x$fpl$dsub)
    __aeabi_f2d                              0x08004d35   Thumb Code     0  f2d.o(x$fpl$f2d)
    _f2d                                     0x08004d35   Thumb Code    86  f2d.o(x$fpl$f2d)
    __aeabi_fadd                             0x08004d8d   Thumb Code     0  faddsub_clz.o(x$fpl$fadd)
    _fadd                                    0x08004d8d   Thumb Code   196  faddsub_clz.o(x$fpl$fadd)
    __fpl_fcmp_Inf                           0x08004e51   Thumb Code    24  fcmpi.o(x$fpl$fcmpinf)
    __aeabi_fdiv                             0x08004e69   Thumb Code     0  fdiv.o(x$fpl$fdiv)
    _fdiv                                    0x08004e69   Thumb Code   384  fdiv.o(x$fpl$fdiv)
    __aeabi_f2iz                             0x08004fed   Thumb Code     0  ffix.o(x$fpl$ffix)
    _ffix                                    0x08004fed   Thumb Code    54  ffix.o(x$fpl$ffix)
    __aeabi_f2uiz                            0x08005025   Thumb Code     0  ffixu.o(x$fpl$ffixu)
    _ffixu                                   0x08005025   Thumb Code    62  ffixu.o(x$fpl$ffixu)
    __aeabi_i2f                              0x08005065   Thumb Code     0  fflt_clz.o(x$fpl$fflt)
    _fflt                                    0x08005065   Thumb Code    48  fflt_clz.o(x$fpl$fflt)
    __aeabi_ui2f                             0x08005095   Thumb Code     0  fflt_clz.o(x$fpl$ffltu)
    _ffltu                                   0x08005095   Thumb Code    38  fflt_clz.o(x$fpl$ffltu)
    __aeabi_cfcmple                          0x080050bd   Thumb Code     0  fleqf.o(x$fpl$fleqf)
    _fcmple                                  0x080050bd   Thumb Code   104  fleqf.o(x$fpl$fleqf)
    __fpl_fcmple_InfNaN                      0x0800510f   Thumb Code     0  fleqf.o(x$fpl$fleqf)
    __aeabi_fmul                             0x08005125   Thumb Code     0  fmul.o(x$fpl$fmul)
    _fmul                                    0x08005125   Thumb Code   258  fmul.o(x$fpl$fmul)
    __fpl_fnaninf                            0x08005227   Thumb Code   140  fnaninf.o(x$fpl$fnaninf)
    _fp_init                                 0x080052b3   Thumb Code    14  fpinit.o(x$fpl$fpinit)
    __fplib_config_pureend_doubles           0x080052bf   Thumb Code     0  fpinit.o(x$fpl$fpinit)
    __fpl_fretinf                            0x080052c1   Thumb Code    10  fretinf.o(x$fpl$fretinf)
    __aeabi_cfrcmple                         0x080052cb   Thumb Code     0  frleqf.o(x$fpl$frleqf)
    _frcmple                                 0x080052cb   Thumb Code    98  frleqf.o(x$fpl$frleqf)
    __aeabi_frsub                            0x0800532d   Thumb Code     0  faddsub_clz.o(x$fpl$frsb)
    _frsb                                    0x0800532d   Thumb Code    20  faddsub_clz.o(x$fpl$frsb)
    __aeabi_fsub                             0x08005341   Thumb Code     0  faddsub_clz.o(x$fpl$fsub)
    _fsub                                    0x08005341   Thumb Code   234  faddsub_clz.o(x$fpl$fsub)
    __fpl_return_NaN                         0x0800542b   Thumb Code   100  retnan.o(x$fpl$retnan)
    __ARM_scalbn                             0x0800548f   Thumb Code     0  scalbn.o(x$fpl$scalbn)
    scalbn                                   0x0800548f   Thumb Code    96  scalbn.o(x$fpl$scalbn)
    __fpl_inf_scalbn                         0x080054ed   Thumb Code     0  scalbn.o(x$fpl$scalbn)
    __fpl_cmpreturn                          0x080054ef   Thumb Code    48  trapv.o(x$fpl$trapveneer)
    __I$use$fp                               0x0800551f   Thumb Code     0  usenofp.o(x$fpl$usenofp)
    __mathlib_zero                           0x08005658   Data           8  qnan.o(.constdata)
    Region$$Table$$Base                      0x08005660   Number         0  anon$$obj.o(Region$$Table)
    Region$$Table$$Limit                     0x08005680   Number         0  anon$$obj.o(Region$$Table)
    delays                                   0x20000000   Data           1  main.o(.data)
    wireless                                 0x20000001   Data           1  main.o(.data)
    loss_wireless                            0x20000004   Data           4  main.o(.data)
    angle                                    0x20000008   Data           4  main.o(.data)
    tms                                      0x2000000c   Data           2  main.o(.data)
    p_long                                   0x20000010   Data           4  main.o(.data)
    r_long                                   0x20000014   Data           4  main.o(.data)
    adj_r                                    0x20000018   Data           4  main.o(.data)
    adj_p                                    0x2000001c   Data           4  main.o(.data)
    tempa1                                   0x20000020   Data           4  main.o(.data)
    tempa2                                   0x20000024   Data           4  main.o(.data)
    tempa3                                   0x20000028   Data           4  main.o(.data)
    tempa4                                   0x2000002c   Data           4  main.o(.data)
    tmp_buf2                                 0x20000034   Data          32  24l01.o(.data)
    TX_ADDRESS                               0x20000054   Data           5  24l01.o(.data)
    RX_ADDRESS                               0x20000059   Data           5  24l01.o(.data)
    VAL                                      0x2000005e   Data           1  24l01.o(.data)
    sss                                      0x2000005f   Data           1  24l01.o(.data)
    FF1                                      0x20000060   Data           1  24l01.o(.data)
    DYN                                      0x20000061   Data           1  24l01.o(.data)
    TIM4CH1_CAPTURE_STA                      0x20000062   Data           1  24l01.o(.data)
    TIM4CH2_CAPTURE_STA                      0x20000063   Data           1  24l01.o(.data)
    TIM4CH3_CAPTURE_STA                      0x20000064   Data           1  24l01.o(.data)
    TIM4CH4_CAPTURE_STA                      0x20000065   Data           1  24l01.o(.data)
    TIM4CH1_CAPTURE_VAL                      0x20000066   Data           2  24l01.o(.data)
    TIM4CH2_CAPTURE_VAL                      0x20000068   Data           2  24l01.o(.data)
    TIM4CH3_CAPTURE_VAL                      0x2000006a   Data           2  24l01.o(.data)
    TIM4CH4_CAPTURE_VAL                      0x2000006c   Data           2  24l01.o(.data)
    TIM4CH1_CAPTURE_VAL_OLD                  0x2000006e   Data           2  24l01.o(.data)
    TIM4CH2_CAPTURE_VAL_OLD                  0x20000070   Data           2  24l01.o(.data)
    TIM4CH3_CAPTURE_VAL_OLD                  0x20000072   Data           2  24l01.o(.data)
    TIM4CH4_CAPTURE_VAL_OLD                  0x20000074   Data           2  24l01.o(.data)
    twoKp                                    0x20000078   Data           4  imu.o(.data)
    twoKi                                    0x2000007c   Data           4  imu.o(.data)
    dt                                       0x20000080   Data           4  imu.o(.data)
    integralFBx                              0x20000084   Data           4  imu.o(.data)
    integralFBy                              0x20000088   Data           4  imu.o(.data)
    integralFBz                              0x2000008c   Data           4  imu.o(.data)
    q0                                       0x20000090   Data           4  imu.o(.data)
    q1                                       0x20000094   Data           4  imu.o(.data)
    q2                                       0x20000098   Data           4  imu.o(.data)
    q3                                       0x2000009c   Data           4  imu.o(.data)
    ACC                                      0x200000a4   Data           6  control.o(.data)
    GYR_CTR                                  0x200000aa   Data           6  control.o(.data)
    GYR                                      0x200000b0   Data           6  control.o(.data)
    GYR_RATE                                 0x200000b6   Data           6  control.o(.data)
    HMC                                      0x200000bc   Data           6  control.o(.data)
    ACC_OFFSET                               0x200000c2   Data           6  control.o(.data)
    GYR_OFFSET                               0x200000c8   Data           6  control.o(.data)
    ACC_AVG                                  0x200000ce   Data           6  control.o(.data)
    Pitch                                    0x200000d4   Data           4  control.o(.data)
    Rool                                     0x200000d8   Data           4  control.o(.data)
    Yaw                                      0x200000dc   Data           4  control.o(.data)
    rool                                     0x200000e0   Data           4  control.o(.data)
    pitch                                    0x200000e4   Data           4  control.o(.data)
    EXP_YAW                                  0x200000e8   Data           4  control.o(.data)
    ct                                       0x200000ec   Data           1  control.o(.data)
    FLY_EN                                   0x200000ed   Data           1  control.o(.data)
    ThreeD_EN                                0x200000ee   Data           1  control.o(.data)
    ThreeD_TMS                               0x200000f0   Data           2  control.o(.data)
    Motion                                   0x200000f2   Data           1  control.o(.data)
    Last_Motion                              0x200000f3   Data           1  control.o(.data)
    Dynamic_PID_rate                         0x200000f4   Data           4  control.o(.data)
    D2                                       0x200000f8   Data           4  control.o(.data)
    Exp_rate                                 0x200000fc   Data           4  control.o(.data)
    t1                                       0x20000100   Data           4  control.o(.data)
    t2                                       0x20000104   Data           4  control.o(.data)
    t3                                       0x20000108   Data           4  control.o(.data)
    NOW_GO_BACK_X                            0x2000010c   Data           4  control.o(.data)
    NOW_GO_BACK_Y                            0x20000110   Data           4  control.o(.data)
    LAST_GO_BACK_X                           0x20000114   Data           4  control.o(.data)
    LAST_GO_BACK_Y                           0x20000118   Data           4  control.o(.data)
    GO_BACK_X_VAL                            0x2000011c   Data           4  control.o(.data)
    GO_BACK_Y_VAL                            0x20000120   Data           4  control.o(.data)
    GO_BACK_X_CT                             0x20000124   Data           2  control.o(.data)
    GO_BACK_Y_CT                             0x20000126   Data           2  control.o(.data)
    GO_BACK_X_STR                            0x20000128   Data           1  control.o(.data)
    GO_BACK_Y_STR                            0x20000129   Data           1  control.o(.data)
    flagtwo                                  0x2000012a   Data           1  control.o(.data)
    avg_exp_x                                0x2000012c   Data           4  control.o(.data)
    avg_exp_y                                0x20000130   Data           4  control.o(.data)
    last_exp_x                               0x20000134   Data           4  control.o(.data)
    last_exp_y                               0x20000138   Data           4  control.o(.data)
    now_exp_x                                0x2000013c   Data           4  control.o(.data)
    now_exp_y                                0x20000140   Data           4  control.o(.data)
    turn                                     0x20000144   Data           4  control.o(.data)
    tt1                                      0x20000148   Data           4  control.o(.data)
    tt2                                      0x2000014c   Data           4  control.o(.data)
    maxx                                     0x20000150   Data           4  control.o(.data)
    goback                                   0x20000154   Data           4  control.o(.data)
    yaw_error                                0x20000158   Data           4  control.o(.data)
    last_yaw_error                           0x2000015c   Data           4  control.o(.data)
    yaw_p                                    0x20000160   Data           4  control.o(.data)
    yaw_d                                    0x20000164   Data           4  control.o(.data)
    exp_yaw                                  0x20000168   Data           4  control.o(.data)
    yaw_tmp                                  0x2000016c   Data           4  control.o(.data)
    turn_rate                                0x20000170   Data           4  control.o(.data)
    last_gyr_x                               0x20000174   Data           4  control.o(.data)
    last_gyr_y                               0x20000178   Data           4  control.o(.data)
    sum_gyr_x                                0x2000017c   Data           4  control.o(.data)
    sum_gyr_y                                0x20000180   Data           4  control.o(.data)
    Motor1                                   0x20000184   Data           4  control.o(.data)
    Motor2                                   0x20000188   Data           4  control.o(.data)
    Motor3                                   0x2000018c   Data           4  control.o(.data)
    Motor4                                   0x20000190   Data           4  control.o(.data)
    yaw                                      0x20000194   Data           4  control.o(.data)
    yaw_dt                                   0x20000198   Data           4  control.o(.data)
    RI_MAX                                   0x2000019c   Data           4  control.o(.data)
    PI_MAX                                   0x200001a0   Data           4  control.o(.data)
    mpu6050_buffer                           0x200001a8   Data          14  mpu6050.o(.bss)
    gyr_offset_f                             0x200001b8   Data          12  mpu6050.o(.bss)
    ACC_X_BUF                                0x200001c4   Data          20  imu.o(.bss)
    ACC_Y_BUF                                0x200001d8   Data          20  imu.o(.bss)
    ACC_Z_BUF                                0x200001ec   Data          20  imu.o(.bss)
    Accbuffer_x                              0x20000200   Data          76  imu.o(.bss)
    Accbuffer_y                              0x2000024c   Data          76  imu.o(.bss)
    Accbuffer_z                              0x20000298   Data          76  imu.o(.bss)
    GYR_F                                    0x200002e4   Data          12  control.o(.bss)
    GYR_F_RATE                               0x200002f0   Data          12  control.o(.bss)
    GYR_F_AVG                                0x200002fc   Data          12  control.o(.bss)
    Current_ERROR                            0x20000308   Data          12  control.o(.bss)
    COMD                                     0x20000314   Data          16  control.o(.bss)
    EXP_THTA                                 0x20000324   Data          12  control.o(.bss)
    EXP_BUF_x                                0x20000330   Data         200  control.o(.bss)
    EXP_BUF_y                                0x200003f8   Data         200  control.o(.bss)
    PID_DATA                                 0x200004c0   Data          24  control.o(.bss)
    YAW_PID                                  0x200004d8   Data          24  control.o(.bss)
    EXP_PID                                  0x200004f0   Data          24  control.o(.bss)
    __libspace_start                         0x20000508   Data          96  libspace.o(.bss)
    __temporary_stack_top$libspace           0x20000568   Data           0  libspace.o(.bss)



==============================================================================

Memory Map of the image

  Image Entry point : 0x080000ed

  Load Region LR_IROM1 (Base: 0x08000000, Size: 0x00005828, Max: 0x00020000, ABSOLUTE, COMPRESSED[0x000056b0])

    Execution Region ER_IROM1 (Base: 0x08000000, Size: 0x00005680, Max: 0x00020000, ABSOLUTE)

    Base Addr    Size         Type   Attr      Idx    E Section Name        Object

    0x08000000   0x000000ec   Data   RO            3    RESET               startup_stm32f10x_md.o
    0x080000ec   0x00000008   Code   RO          325  * !!!main             c_w.l(__main.o)(c_w.l)
    0x080000f4   0x00000034   Code   RO          622    !!!scatter          c_w.l(__scatter.o)(c_w.l)
    0x08000128   0x0000005a   Code   RO          620    !!dczerorl2         c_w.l(__dczerorl2.o)(c_w.l)
    0x08000182   0x00000002   PAD
    0x08000184   0x0000001c   Code   RO          624    !!handler_zi        c_w.l(__scatter_zi.o)(c_w.l)
    0x080001a0   0x00000006   Code   RO          493    .ARM.Collect$$libinit$$00000000  c_w.l(libinit.o)(c_w.l)
    0x080001a6   0x00000000   Code   RO          500    .ARM.Collect$$libinit$$00000006  c_w.l(libinit2.o)(c_w.l)
    0x080001a6   0x00000000   Code   RO          502    .ARM.Collect$$libinit$$00000008  c_w.l(libinit2.o)(c_w.l)
    0x080001a6   0x00000000   Code   RO          504    .ARM.Collect$$libinit$$0000000A  c_w.l(libinit2.o)(c_w.l)
    0x080001a6   0x00000000   Code   RO          507    .ARM.Collect$$libinit$$0000000D  c_w.l(libinit2.o)(c_w.l)
    0x080001a6   0x00000000   Code   RO          509    .ARM.Collect$$libinit$$0000000F  c_w.l(libinit2.o)(c_w.l)
    0x080001a6   0x00000000   Code   RO          511    .ARM.Collect$$libinit$$00000011  c_w.l(libinit2.o)(c_w.l)
    0x080001a6   0x00000000   Code   RO          513    .ARM.Collect$$libinit$$00000013  c_w.l(libinit2.o)(c_w.l)
    0x080001a6   0x00000000   Code   RO          515    .ARM.Collect$$libinit$$00000015  c_w.l(libinit2.o)(c_w.l)
    0x080001a6   0x00000000   Code   RO          517    .ARM.Collect$$libinit$$00000017  c_w.l(libinit2.o)(c_w.l)
    0x080001a6   0x00000000   Code   RO          519    .ARM.Collect$$libinit$$00000019  c_w.l(libinit2.o)(c_w.l)
    0x080001a6   0x00000000   Code   RO          521    .ARM.Collect$$libinit$$0000001B  c_w.l(libinit2.o)(c_w.l)
    0x080001a6   0x00000000   Code   RO          523    .ARM.Collect$$libinit$$0000001D  c_w.l(libinit2.o)(c_w.l)
    0x080001a6   0x00000000   Code   RO          525    .ARM.Collect$$libinit$$0000001F  c_w.l(libinit2.o)(c_w.l)
    0x080001a6   0x00000000   Code   RO          527    .ARM.Collect$$libinit$$00000021  c_w.l(libinit2.o)(c_w.l)
    0x080001a6   0x00000000   Code   RO          531    .ARM.Collect$$libinit$$00000028  c_w.l(libinit2.o)(c_w.l)
    0x080001a6   0x00000000   Code   RO          533    .ARM.Collect$$libinit$$0000002A  c_w.l(libinit2.o)(c_w.l)
    0x080001a6   0x00000000   Code   RO          535    .ARM.Collect$$libinit$$0000002C  c_w.l(libinit2.o)(c_w.l)
    0x080001a6   0x00000000   Code   RO          537    .ARM.Collect$$libinit$$0000002E  c_w.l(libinit2.o)(c_w.l)
    0x080001a6   0x00000002   Code   RO          538    .ARM.Collect$$libinit$$0000002F  c_w.l(libinit2.o)(c_w.l)
    0x080001a8   0x00000002   Code   RO          564    .ARM.Collect$$libshutdown$$00000000  c_w.l(libshutdown.o)(c_w.l)
    0x080001aa   0x00000000   Code   RO          575    .ARM.Collect$$libshutdown$$00000003  c_w.l(libshutdown2.o)(c_w.l)
    0x080001aa   0x00000000   Code   RO          578    .ARM.Collect$$libshutdown$$00000006  c_w.l(libshutdown2.o)(c_w.l)
    0x080001aa   0x00000000   Code   RO          581    .ARM.Collect$$libshutdown$$00000009  c_w.l(libshutdown2.o)(c_w.l)
    0x080001aa   0x00000000   Code   RO          583    .ARM.Collect$$libshutdown$$0000000B  c_w.l(libshutdown2.o)(c_w.l)
    0x080001aa   0x00000000   Code   RO          586    .ARM.Collect$$libshutdown$$0000000E  c_w.l(libshutdown2.o)(c_w.l)
    0x080001aa   0x00000002   Code   RO          587    .ARM.Collect$$libshutdown$$0000000F  c_w.l(libshutdown2.o)(c_w.l)
    0x080001ac   0x00000000   Code   RO          421    .ARM.Collect$$rtentry$$00000000  c_w.l(rtentry.o)(c_w.l)
    0x080001ac   0x00000000   Code   RO          456    .ARM.Collect$$rtentry$$00000002  c_w.l(rtentry2.o)(c_w.l)
    0x080001ac   0x00000006   Code   RO          471    .ARM.Collect$$rtentry$$00000004  c_w.l(rtentry4.o)(c_w.l)
    0x080001b2   0x00000000   Code   RO          458    .ARM.Collect$$rtentry$$00000009  c_w.l(rtentry2.o)(c_w.l)
    0x080001b2   0x00000004   Code   RO          459    .ARM.Collect$$rtentry$$0000000A  c_w.l(rtentry2.o)(c_w.l)
    0x080001b6   0x00000000   Code   RO          461    .ARM.Collect$$rtentry$$0000000C  c_w.l(rtentry2.o)(c_w.l)
    0x080001b6   0x00000008   Code   RO          462    .ARM.Collect$$rtentry$$0000000D  c_w.l(rtentry2.o)(c_w.l)
    0x080001be   0x00000002   Code   RO          496    .ARM.Collect$$rtexit$$00000000  c_w.l(rtexit.o)(c_w.l)
    0x080001c0   0x00000000   Code   RO          544    .ARM.Collect$$rtexit$$00000002  c_w.l(rtexit2.o)(c_w.l)
    0x080001c0   0x00000004   Code   RO          545    .ARM.Collect$$rtexit$$00000003  c_w.l(rtexit2.o)(c_w.l)
    0x080001c4   0x00000006   Code   RO          546    .ARM.Collect$$rtexit$$00000004  c_w.l(rtexit2.o)(c_w.l)
    0x080001ca   0x00000002   PAD
    0x080001cc   0x0000000c   Code   RO          109    .emb_text           sys.o
    0x080001d8   0x00000038   Code   RO            4    .text               startup_stm32f10x_md.o
    0x08000210   0x0000034c   Code   RO           10    .text               main.o
    0x0800055c   0x000000a0   Code   RO           95    .text               delay.o
    0x080005fc   0x00000308   Code   RO          110    .text               sys.o
    0x08000904   0x0000024c   Code   RO          125    .text               usart.o
    0x08000b50   0x000001c4   Code   RO          144    .text               led.o
    0x08000d14   0x00000724   Code   RO          156    .text               24l01.o
    0x08001438   0x00000130   Code   RO          176    .text               spi.o
    0x08001568   0x00000040   Code   RO          188    .text               exti.o
    0x080015a8   0x000001b0   Code   RO          205    .text               timer.o
    0x08001758   0x000003ac   Code   RO          217    .text               mpu6050.o
    0x08001b04   0x00000470   Code   RO          236    .text               stm32_i2c.o
    0x08001f74   0x00000bd4   Code   RO          249    .text               imu.o
    0x08002b48   0x00000514   Code   RO          273    .text               fast_math.o
    0x0800305c   0x00000914   Code   RO          285    .text               control.o
    0x08003970   0x00000002   Code   RO          319    .text               c_w.l(use_no_semi_2.o)(c_w.l)
    0x08003972   0x00000064   Code   RO          321    .text               c_w.l(rt_memcpy_w.o)(c_w.l)
    0x080039d6   0x00000006   Code   RO          323    .text               c_w.l(heapauxi.o)(c_w.l)
    0x080039dc   0x00000002   Code   RO          419    .text               c_w.l(use_no_semi.o)(c_w.l)
    0x080039de   0x00000016   Code   RO          423    .text               c_w.l(_rserrno.o)(c_w.l)
    0x080039f4   0x0000000c   Code   RO          476    .text               c_w.l(rt_errno_addr_intlibspace.o)(c_w.l)
    0x08003a00   0x00000008   Code   RO          480    .text               c_w.l(libspace.o)(c_w.l)
    0x08003a08   0x0000004a   Code   RO          483    .text               c_w.l(sys_stackheap_outer.o)(c_w.l)
    0x08003a52   0x0000000c   Code   RO          485    .text               c_w.l(exit.o)(c_w.l)
    0x08003a5e   0x00000002   PAD
    0x08003a60   0x0000000c   Code   RO          554    .text               c_w.l(rt_fp_status_addr_intlibspace.o)(c_w.l)
    0x08003a6c   0x00000028   Code   RO          450    i.__ARM_fpclassify  m_ws.l(fpclassify.o)(m_ws.l)
    0x08003a94   0x000000aa   Code   RO          452    i.__kernel_poly     m_ws.l(poly.o)(m_ws.l)
    0x08003b3e   0x00000002   PAD
    0x08003b40   0x00000010   Code   RO          448    i.__mathlib_dbl_underflow  m_ws.l(dunder.o)(m_ws.l)
    0x08003b50   0x00000280   Code   RO          384    i.asin              m_ws.l(asin.o)(m_ws.l)
    0x08003dd0   0x00000224   Code   RO          394    i.atan              m_ws.l(atan.o)(m_ws.l)
    0x08003ff4   0x00000180   Code   RO          404    i.atan2             m_ws.l(atan2.o)(m_ws.l)
    0x08004174   0x0000004a   Code   RO          412    i.sqrt              m_ws.l(sqrt.o)(m_ws.l)
    0x080041be   0x00000002   PAD
    0x080041c0   0x00000062   Code   RO          327    x$fpl$d2f           fz_ws.l(d2f.o)(fz_ws.l)
    0x08004222   0x00000002   PAD
    0x08004224   0x0000014c   Code   RO          329    x$fpl$dadd          fz_ws.l(daddsub_clz.o)(fz_ws.l)
    0x08004370   0x00000010   Code   RO          478    x$fpl$dcheck1       fz_ws.l(dcheck1.o)(fz_ws.l)
    0x08004380   0x00000018   Code   RO          425    x$fpl$dcmpinf       fz_ws.l(dcmpi.o)(fz_ws.l)
    0x08004398   0x000002b0   Code   RO          336    x$fpl$ddiv          fz_ws.l(ddiv.o)(fz_ws.l)
    0x08004648   0x0000002e   Code   RO          340    x$fpl$dflt          fz_ws.l(dflt_clz.o)(fz_ws.l)
    0x08004676   0x00000026   Code   RO          339    x$fpl$dfltu         fz_ws.l(dflt_clz.o)(fz_ws.l)
    0x0800469c   0x00000078   Code   RO          345    x$fpl$dleqf         fz_ws.l(dleqf.o)(fz_ws.l)
    0x08004714   0x00000154   Code   RO          347    x$fpl$dmul          fz_ws.l(dmul.o)(fz_ws.l)
    0x08004868   0x0000009c   Code   RO          427    x$fpl$dnaninf       fz_ws.l(dnaninf.o)(fz_ws.l)
    0x08004904   0x0000000c   Code   RO          429    x$fpl$dretinf       fz_ws.l(dretinf.o)(fz_ws.l)
    0x08004910   0x0000006c   Code   RO          349    x$fpl$drleqf        fz_ws.l(drleqf.o)(fz_ws.l)
    0x0800497c   0x00000016   Code   RO          330    x$fpl$drsb          fz_ws.l(daddsub_clz.o)(fz_ws.l)
    0x08004992   0x00000002   PAD
    0x08004994   0x000001cc   Code   RO          431    x$fpl$dsqrt         fz_ws.l(dsqrt_noumaal.o)(fz_ws.l)
    0x08004b60   0x000001d4   Code   RO          331    x$fpl$dsub          fz_ws.l(daddsub_clz.o)(fz_ws.l)
    0x08004d34   0x00000056   Code   RO          351    x$fpl$f2d           fz_ws.l(f2d.o)(fz_ws.l)
    0x08004d8a   0x00000002   PAD
    0x08004d8c   0x000000c4   Code   RO          353    x$fpl$fadd          fz_ws.l(faddsub_clz.o)(fz_ws.l)
    0x08004e50   0x00000018   Code   RO          433    x$fpl$fcmpinf       fz_ws.l(fcmpi.o)(fz_ws.l)
    0x08004e68   0x00000184   Code   RO          360    x$fpl$fdiv          fz_ws.l(fdiv.o)(fz_ws.l)
    0x08004fec   0x00000036   Code   RO          363    x$fpl$ffix          fz_ws.l(ffix.o)(fz_ws.l)
    0x08005022   0x00000002   PAD
    0x08005024   0x0000003e   Code   RO          367    x$fpl$ffixu         fz_ws.l(ffixu.o)(fz_ws.l)
    0x08005062   0x00000002   PAD
    0x08005064   0x00000030   Code   RO          372    x$fpl$fflt          fz_ws.l(fflt_clz.o)(fz_ws.l)
    0x08005094   0x00000026   Code   RO          371    x$fpl$ffltu         fz_ws.l(fflt_clz.o)(fz_ws.l)
    0x080050ba   0x00000002   PAD
    0x080050bc   0x00000068   Code   RO          377    x$fpl$fleqf         fz_ws.l(fleqf.o)(fz_ws.l)
    0x08005124   0x00000102   Code   RO          379    x$fpl$fmul          fz_ws.l(fmul.o)(fz_ws.l)
    0x08005226   0x0000008c   Code   RO          435    x$fpl$fnaninf       fz_ws.l(fnaninf.o)(fz_ws.l)
    0x080052b2   0x0000000e   Code   RO          539    x$fpl$fpinit        fz_ws.l(fpinit.o)(fz_ws.l)
    0x080052c0   0x0000000a   Code   RO          437    x$fpl$fretinf       fz_ws.l(fretinf.o)(fz_ws.l)
    0x080052ca   0x00000062   Code   RO          381    x$fpl$frleqf        fz_ws.l(frleqf.o)(fz_ws.l)
    0x0800532c   0x00000014   Code   RO          354    x$fpl$frsb          fz_ws.l(faddsub_clz.o)(fz_ws.l)
    0x08005340   0x000000ea   Code   RO          355    x$fpl$fsub          fz_ws.l(faddsub_clz.o)(fz_ws.l)
    0x0800542a   0x00000064   Code   RO          494    x$fpl$retnan        fz_ws.l(retnan.o)(fz_ws.l)
    0x0800548e   0x00000060   Code   RO          442    x$fpl$scalbn        fz_ws.l(scalbn.o)(fz_ws.l)
    0x080054ee   0x00000030   Code   RO          541    x$fpl$trapveneer    fz_ws.l(trapv.o)(fz_ws.l)
    0x0800551e   0x00000000   Code   RO          447    x$fpl$usenofp       fz_ws.l(usenofp.o)(fz_ws.l)
    0x0800551e   0x00000002   PAD
    0x08005520   0x0000004c   Data   RO          251    .constdata          imu.o
    0x0800556c   0x00000004   PAD
    0x08005570   0x00000050   Data   RO          385    .constdata          m_ws.l(asin.o)(m_ws.l)
    0x080055c0   0x00000098   Data   RO          395    .constdata          m_ws.l(atan.o)(m_ws.l)
    0x08005658   0x00000008   Data   RO          454    .constdata          m_ws.l(qnan.o)(m_ws.l)
    0x08005660   0x00000020   Data   RO          618    Region$$Table       anon$$obj.o


    Execution Region RW_IRAM1 (Base: 0x20000000, Size: 0x00000e68, Max: 0x00004000, ABSOLUTE, COMPRESSED[0x00000030])

    Base Addr    Size         Type   Attr      Idx    E Section Name        Object

    0x20000000   0x00000030   Data   RW           12    .data               main.o
    0x20000030   0x00000004   Data   RW           96    .data               delay.o
    0x20000034   0x00000042   Data   RW          157    .data               24l01.o
    0x20000076   0x00000002   PAD
    0x20000078   0x00000029   Data   RW          252    .data               imu.o
    0x200000a1   0x00000003   PAD
    0x200000a4   0x00000101   Data   RW          287    .data               control.o
    0x200001a5   0x00000003   PAD
    0x200001a8   0x0000001c   Zero   RW          218    .bss                mpu6050.o
    0x200001c4   0x00000120   Zero   RW          250    .bss                imu.o
    0x200002e4   0x00000224   Zero   RW          286    .bss                control.o
    0x20000508   0x00000060   Zero   RW          481    .bss                c_w.l(libspace.o)(c_w.l)
    0x20000568   0x00000100   Zero   RW            2    HEAP                startup_stm32f10x_md.o
    0x20000668   0x00000800   Zero   RW            1    STACK               startup_stm32f10x_md.o


==============================================================================

Image component sizes


      Code (inc. data)   RO Data    RW Data    ZI Data      Debug   Object Name

      1828        168          0         66          0          0   24l01.o
      2324        362          0        257        548          0   control.o
       160          8          0          4          0          0   delay.o
        64          6          0          0          0          0   exti.o
      1300        116          0          0          0          0   fast_math.o
      3028        226         76         41        288          0   imu.o
       452         16          0          0          0          0   led.o
       844        110          0         48          0          0   main.o
       940         48          0          0         28          0   mpu6050.o
       304         22          0          0          0          0   spi.o
        56         22        236          0       2304          0   startup_stm32f10x_md.o
      1136         12          0          0          0          0   stm32_i2c.o
       788         72          0          0          0          0   sys.o
       432         26          0          0          0          0   timer.o
       588         34          0          0          0          0   usart.o

    ----------------------------------------------------------------------
     14244       1248        348        424       3168          0   Object Totals
         0          0         32          0          0          0   (incl. Generated)
         0          0          4          8          0          3   (incl. Padding)

    ----------------------------------------------------------------------

      Code (inc. data)   RO Data    RW Data    ZI Data      Debug   Library Member Name

        90          0          0          0          0          0   __dczerorl2.o
         8          0          0          0          0          0   __main.o
        52          8          0          0          0          0   __scatter.o
        28          0          0          0          0          0   __scatter_zi.o
        22          0          0          0          0          0   _rserrno.o
        12          0          0          0          0          0   exit.o
         6          0          0          0          0          0   heapauxi.o
         6          0          0          0          0          0   libinit.o
         2          0          0          0          0          0   libinit2.o
         2          0          0          0          0          0   libshutdown.o
         2          0          0          0          0          0   libshutdown2.o
         8          4          0          0         96          0   libspace.o
        12          4          0          0          0          0   rt_errno_addr_intlibspace.o
        12          4          0          0          0          0   rt_fp_status_addr_intlibspace.o
       100          0          0          0          0          0   rt_memcpy_w.o
         0          0          0          0          0          0   rtentry.o
        12          0          0          0          0          0   rtentry2.o
         6          0          0          0          0          0   rtentry4.o
         2          0          0          0          0          0   rtexit.o
        10          0          0          0          0          0   rtexit2.o
        74          0          0          0          0          0   sys_stackheap_outer.o
         2          0          0          0          0          0   use_no_semi.o
         2          0          0          0          0          0   use_no_semi_2.o
        98          4          0          0          0          0   d2f.o
       822         16          0          0          0          0   daddsub_clz.o
        16          4          0          0          0          0   dcheck1.o
        24          0          0          0          0          0   dcmpi.o
       688        140          0          0          0          0   ddiv.o
        84          0          0          0          0          0   dflt_clz.o
       120          4          0          0          0          0   dleqf.o
       340         12          0          0          0          0   dmul.o
       156          4          0          0          0          0   dnaninf.o
        12          0          0          0          0          0   dretinf.o
       108          0          0          0          0          0   drleqf.o
       460         56          0          0          0          0   dsqrt_noumaal.o
        86          4          0          0          0          0   f2d.o
       450          8          0          0          0          0   faddsub_clz.o
        24          0          0          0          0          0   fcmpi.o
       388         76          0          0          0          0   fdiv.o
        54          4          0          0          0          0   ffix.o
        62          4          0          0          0          0   ffixu.o
        86          0          0          0          0          0   fflt_clz.o
       104          4          0          0          0          0   fleqf.o
       258          4          0          0          0          0   fmul.o
       140          4          0          0          0          0   fnaninf.o
        14          0          0          0          0          0   fpinit.o
        10          0          0          0          0          0   fretinf.o
        98          0          0          0          0          0   frleqf.o
       100          0          0          0          0          0   retnan.o
        96          0          0          0          0          0   scalbn.o
        48          0          0          0          0          0   trapv.o
         0          0          0          0          0          0   usenofp.o
       640         54         80          0          0          0   asin.o
       548         68        152          0          0          0   atan.o
       384         38          0          0          0          0   atan2.o
        16          6          0          0          0          0   dunder.o
        40          0          0          0          0          0   fpclassify.o
       170          0          0          0          0          0   poly.o
         0          0          8          0          0          0   qnan.o
        74          0          0          0          0          0   sqrt.o

    ----------------------------------------------------------------------
      7312        534        240          0         96          0   Library Totals
        24          0          0          0          0          0   (incl. Padding)

    ----------------------------------------------------------------------

      Code (inc. data)   RO Data    RW Data    ZI Data      Debug   Library Name

       470         20          0          0         96        888   c_w.l
      4946        348          0          0          0       2936   fz_ws.l
      1872        166        240          0          0        764   m_ws.l

    ----------------------------------------------------------------------
      7312        534        240          0         96          0   Library Totals

    ----------------------------------------------------------------------

==============================================================================


      Code (inc. data)   RO Data    RW Data    ZI Data      Debug   

     21556       1782        588        424       3264      44064   Grand Totals
     21556       1782        588         48       3264      44064   ELF Image Totals (compressed)
     21556       1782        588         48          0          0   ROM Totals

==============================================================================

    Total RO  Size (Code + RO Data)                22144 (  21.63kB)
    Total RW  Size (RW Data + ZI Data)              3688 (   3.60kB)
    Total ROM Size (Code + RO Data + RW Data)      22192 (  21.67kB)

==============================================================================

